# Logfile created on Mon Jul 26 21:29:06 +0000 2010 by logger.rb/22285
I, [2010-07-26T21:29:06.704457 #5014]  INFO -- : GET: https://my.rightscale.com/api/acct/2901/deployments.js?filter[]=nickname=MY50-ec2-east-983646-RightImage_CentOS_5.4_x64_v4.4&
I, [2010-07-26T21:29:07.538176 #5014]  INFO -- : GET: /api/acct/2901/ec2_server_templates/27418.js?
I, [2010-07-26T21:29:07.972611 #5014]  INFO -- : GET: /api/acct/2901/ec2_server_templates/27418/executables.js?
I, [2010-07-26T21:29:09.438173 #5014]  INFO -- : GET: https://my.rightscale.com/api/acct/2901/server_templates.js?
I, [2010-07-26T21:29:09.526844 #5020]  INFO -- : GET: https://my.rightscale.com/api/acct/2901/deployments.js?filter[]=nickname=MY50-ec2-ap-728271-RightImage_CentOS_5.4_x64_v4.4&
I, [2010-07-26T21:29:09.670091 #5035]  INFO -- : GET: https://my.rightscale.com/api/acct/2901/deployments.js?filter[]=nickname=MY50-ec2-ap-908618-RightImage_Ubuntu_8.04_x64_v4.3&
I, [2010-07-26T21:29:09.838464 #5020]  INFO -- : GET: /api/acct/2901/ec2_server_templates/27418.js?
I, [2010-07-26T21:29:10.038342 #5035]  INFO -- : GET: /api/acct/2901/ec2_server_templates/27418.js?
I, [2010-07-26T21:29:10.274520 #5020]  INFO -- : GET: /api/acct/2901/ec2_server_templates/27418/executables.js?
I, [2010-07-26T21:29:10.357427 #5035]  INFO -- : GET: /api/acct/2901/ec2_server_templates/27418/executables.js?
I, [2010-07-26T21:29:11.179510 #5029]  INFO -- : GET: https://my.rightscale.com/api/acct/2901/deployments.js?filter[]=nickname=MY50-ec2-east-85691-RightImage_Ubuntu_8.04_x64_v4.3&
I, [2010-07-26T21:29:11.180946 #5024]  INFO -- : GET: https://my.rightscale.com/api/acct/2901/deployments.js?filter[]=nickname=MY50-ec2-eu-123705-RightImage_Ubuntu_8.04_i386_v4.3&
I, [2010-07-26T21:29:11.188333 #5018]  INFO -- : GET: https://my.rightscale.com/api/acct/2901/deployments.js?filter[]=nickname=MY50-ec2-west-378598-RightImage_CentOS_5.4_x64_v4.4&
I, [2010-07-26T21:29:11.611260 #5018]  INFO -- : GET: /api/acct/2901/ec2_server_templates/27418.js?
I, [2010-07-26T21:29:11.734416 #5040]  INFO -- : GET: https://my.rightscale.com/api/acct/2901/deployments.js?filter[]=nickname=MY50-ec2-eu-388081-RightImage_CentOS_5.4_i386_v4.4&
I, [2010-07-26T21:29:11.884203 #5035]  INFO -- : GET: https://my.rightscale.com/api/acct/2901/server_templates.js?
I, [2010-07-26T21:29:11.934179 #5020]  INFO -- : GET: https://my.rightscale.com/api/acct/2901/server_templates.js?
I, [2010-07-26T21:29:12.028508 #5018]  INFO -- : GET: /api/acct/2901/ec2_server_templates/27418/executables.js?
I, [2010-07-26T21:29:12.185316 #5029]  INFO -- : GET: /api/acct/2901/ec2_server_templates/27418.js?
I, [2010-07-26T21:29:12.219037 #5040]  INFO -- : GET: /api/acct/2901/ec2_server_templates/27418.js?
I, [2010-07-26T21:29:12.456933 #5016]  INFO -- : GET: https://my.rightscale.com/api/acct/2901/deployments.js?filter[]=nickname=MY50-ec2-eu-761012-RightImage_CentOS_5.4_x64_v4.4&
I, [2010-07-26T21:29:12.544280 #5024]  INFO -- : GET: /api/acct/2901/ec2_server_templates/27418.js?
I, [2010-07-26T21:29:12.545539 #5018]  INFO -- : GET: https://my.rightscale.com/api/acct/2901/server_templates.js?
I, [2010-07-26T21:29:12.554561 #5029]  INFO -- : GET: /api/acct/2901/ec2_server_templates/27418/executables.js?
I, [2010-07-26T21:29:12.738669 #5033]  INFO -- : GET: https://my.rightscale.com/api/acct/2901/deployments.js?filter[]=nickname=MY50-ec2-west-491776-RightImage_Ubuntu_8.04_x64_v4.3&
I, [2010-07-26T21:29:12.795552 #5031]  INFO -- : GET: https://my.rightscale.com/api/acct/2901/deployments.js?filter[]=nickname=MY50-ec2-eu-470535-RightImage_Ubuntu_8.04_x64_v4.3&
I, [2010-07-26T21:29:12.797467 #5044]  INFO -- : GET: https://my.rightscale.com/api/acct/2901/deployments.js?filter[]=nickname=MY50-ec2-ap-503097-RightImage_CentOS_5.4_i386_v4.4&
I, [2010-07-26T21:29:12.804665 #5040]  INFO -- : GET: /api/acct/2901/ec2_server_templates/27418/executables.js?
I, [2010-07-26T21:29:12.864228 #5016]  INFO -- : GET: /api/acct/2901/ec2_server_templates/27418.js?
I, [2010-07-26T21:29:13.051024 #5033]  INFO -- : GET: /api/acct/2901/ec2_server_templates/27418.js?
I, [2010-07-26T21:29:13.214691 #5026]  INFO -- : GET: https://my.rightscale.com/api/acct/2901/deployments.js?filter[]=nickname=MY50-ec2-west-969886-RightImage_Ubuntu_8.04_i386_v4.3&
I, [2010-07-26T21:29:13.242193 #5040]  INFO -- : GET: https://my.rightscale.com/api/acct/2901/server_templates.js?
I, [2010-07-26T21:29:13.254171 #5044]  INFO -- : GET: /api/acct/2901/ec2_server_templates/27418.js?
I, [2010-07-26T21:29:13.273209 #5029]  INFO -- : GET: https://my.rightscale.com/api/acct/2901/server_templates.js?
I, [2010-07-26T21:29:13.326097 #5024]  INFO -- : GET: /api/acct/2901/ec2_server_templates/27418/executables.js?
I, [2010-07-26T21:29:13.419017 #5033]  INFO -- : GET: /api/acct/2901/ec2_server_templates/27418/executables.js?
I, [2010-07-26T21:29:13.468473 #5044]  INFO -- : GET: /api/acct/2901/ec2_server_templates/27418/executables.js?
I, [2010-07-26T21:29:13.608382 #5031]  INFO -- : GET: /api/acct/2901/ec2_server_templates/27418.js?
I, [2010-07-26T21:29:13.713185 #5016]  INFO -- : GET: /api/acct/2901/ec2_server_templates/27418/executables.js?
I, [2010-07-26T21:29:13.728708 #5014]  INFO -- : GET: /api/acct/2901/ec2_server_templates/42160/executables.js?
I, [2010-07-26T21:29:13.795971 #5044]  INFO -- : GET: https://my.rightscale.com/api/acct/2901/server_templates.js?
I, [2010-07-26T21:29:13.959092 #5042]  INFO -- : GET: https://my.rightscale.com/api/acct/2901/deployments.js?filter[]=nickname=MY50-ec2-west-409582-RightImage_CentOS_5.4_i386_v4.4&
I, [2010-07-26T21:29:14.169106 #5014]  INFO -- : GET: /api/acct/2901/servers/795727.js?
I, [2010-07-26T21:29:14.269311 #5014]  INFO -- : tempserver-MySQL 5.0 EBS v2 (Sprint 19) is stopped
I, [2010-07-26T21:29:14.270506 #5026]  INFO -- : GET: /api/acct/2901/ec2_server_templates/27418.js?
I, [2010-07-26T21:29:14.305715 #5038]  INFO -- : GET: https://my.rightscale.com/api/acct/2901/deployments.js?filter[]=nickname=MY50-ec2-ap-252412-RightImage_Ubuntu_8.04_i386_v4.3&
I, [2010-07-26T21:29:14.307220 #5042]  INFO -- : GET: /api/acct/2901/ec2_server_templates/27418.js?
I, [2010-07-26T21:29:14.400944 #5014]  INFO -- : GET: /api/acct/2901/servers/795728.js?
I, [2010-07-26T21:29:14.408708 #5022]  INFO -- : GET: https://my.rightscale.com/api/acct/2901/deployments.js?filter[]=nickname=MY50-ec2-east-364683-RightImage_Ubuntu_8.04_i386_v4.3&
I, [2010-07-26T21:29:14.437995 #5026]  INFO -- : GET: /api/acct/2901/ec2_server_templates/27418/executables.js?
I, [2010-07-26T21:29:14.548168 #5031]  INFO -- : GET: /api/acct/2901/ec2_server_templates/27418/executables.js?
I, [2010-07-26T21:29:14.549392 #5024]  INFO -- : GET: https://my.rightscale.com/api/acct/2901/server_templates.js?
I, [2010-07-26T21:29:14.553188 #5014]  INFO -- : tempserver-MySQL 5.0 EBS v2 (Sprint 19) is stopped
I, [2010-07-26T21:29:14.718855 #5033]  INFO -- : GET: https://my.rightscale.com/api/acct/2901/server_templates.js?
I, [2010-07-26T21:29:14.838743 #5038]  INFO -- : GET: /api/acct/2901/ec2_server_templates/27418.js?
I, [2010-07-26T21:29:14.840208 #5037]  INFO -- : GET: https://my.rightscale.com/api/acct/2901/deployments.js?filter[]=nickname=MY50-ec2-east-603492-RightImage_CentOS_5.4_i386_v4.4&
I, [2010-07-26T21:29:14.869204 #5014]  INFO -- : GET: /api/acct/2901/servers/795729.js?
I, [2010-07-26T21:29:14.958919 #5026]  INFO -- : GET: https://my.rightscale.com/api/acct/2901/server_templates.js?
I, [2010-07-26T21:29:14.961055 #5016]  INFO -- : GET: https://my.rightscale.com/api/acct/2901/server_templates.js?
I, [2010-07-26T21:29:14.968899 #5022]  INFO -- : GET: /api/acct/2901/ec2_server_templates/27418.js?
I, [2010-07-26T21:29:15.217016 #5014]  INFO -- : tempserver-MySQL 5.0 EBS v2 (Sprint 19) is stopped
I, [2010-07-26T21:29:15.219827 #5038]  INFO -- : GET: /api/acct/2901/ec2_server_templates/27418/executables.js?
I, [2010-07-26T21:29:15.336370 #5042]  INFO -- : GET: /api/acct/2901/ec2_server_templates/27418/executables.js?
I, [2010-07-26T21:29:15.337534 #5031]  INFO -- : GET: https://my.rightscale.com/api/acct/2901/server_templates.js?
I, [2010-07-26T21:29:15.359055 #5014]  INFO -- : PUT: /api/acct/2901/deployments/51542
I, [2010-07-26T21:29:15.359181 #5014]  INFO -- : 	request body: {"deployment":{"parameters":{"DB_LINEAGE_NAME":"text:testlineage626349"}}}
I, [2010-07-26T21:29:15.570991 #5018]  INFO -- : GET: /api/acct/2901/ec2_server_templates/42160/executables.js?
I, [2010-07-26T21:29:15.606293 #5020]  INFO -- : GET: /api/acct/2901/ec2_server_templates/42160/executables.js?
I, [2010-07-26T21:29:15.750867 #5035]  INFO -- : GET: /api/acct/2901/ec2_server_templates/42160/executables.js?
I, [2010-07-26T21:29:15.794388 #5042]  INFO -- : GET: https://my.rightscale.com/api/acct/2901/server_templates.js?
I, [2010-07-26T21:29:15.975576 #5022]  INFO -- : GET: /api/acct/2901/ec2_server_templates/27418/executables.js?
I, [2010-07-26T21:29:16.588502 #5035]  INFO -- : GET: /api/acct/2901/servers/795761.js?
I, [2010-07-26T21:29:16.692854 #5014]  INFO -- : PUT: /api/acct/2901/servers/795727
I, [2010-07-26T21:29:16.692978 #5014]  INFO -- : 	request body: {"server":{"parameters":{"DB_LINEAGE_NAME":"text:"}}}
I, [2010-07-26T21:29:16.720178 #5022]  INFO -- : GET: https://my.rightscale.com/api/acct/2901/server_templates.js?
I, [2010-07-26T21:29:16.782949 #5018]  INFO -- : GET: /api/acct/2901/servers/795733.js?
I, [2010-07-26T21:29:16.902517 #5038]  INFO -- : GET: https://my.rightscale.com/api/acct/2901/server_templates.js?
I, [2010-07-26T21:29:16.993363 #5018]  INFO -- : tempserver-MySQL 5.0 EBS v2 (Sprint 19) is stopped
I, [2010-07-26T21:29:16.996522 #5035]  INFO -- : tempserver-MySQL 5.0 EBS v2 (Sprint 19) is stopped
I, [2010-07-26T21:29:17.124671 #5018]  INFO -- : GET: /api/acct/2901/servers/795734.js?
I, [2010-07-26T21:29:17.131684 #5014]  INFO -- : PUT: /api/acct/2901/servers/795728
I, [2010-07-26T21:29:17.131816 #5014]  INFO -- : 	request body: {"server":{"parameters":{"DB_LINEAGE_NAME":"text:"}}}
I, [2010-07-26T21:29:17.201233 #5020]  INFO -- : GET: /api/acct/2901/servers/795736.js?
I, [2010-07-26T21:29:17.265131 #5018]  INFO -- : tempserver-MySQL 5.0 EBS v2 (Sprint 19) is stopped
I, [2010-07-26T21:29:17.309516 #5035]  INFO -- : GET: /api/acct/2901/servers/795762.js?
I, [2010-07-26T21:29:17.384969 #5020]  INFO -- : tempserver-MySQL 5.0 EBS v2 (Sprint 19) is stopped
I, [2010-07-26T21:29:17.511652 #5040]  INFO -- : GET: /api/acct/2901/ec2_server_templates/42160/executables.js?
I, [2010-07-26T21:29:17.529876 #5020]  INFO -- : GET: /api/acct/2901/servers/795737.js?
I, [2010-07-26T21:29:17.628529 #5035]  INFO -- : tempserver-MySQL 5.0 EBS v2 (Sprint 19) is stopped
I, [2010-07-26T21:29:17.780627 #5020]  INFO -- : tempserver-MySQL 5.0 EBS v2 (Sprint 19) is stopped
I, [2010-07-26T21:29:17.918088 #5014]  INFO -- : PUT: /api/acct/2901/servers/795729
I, [2010-07-26T21:29:17.918232 #5014]  INFO -- : 	request body: {"server":{"parameters":{"DB_LINEAGE_NAME":"text:"}}}
I, [2010-07-26T21:29:17.925048 #5035]  INFO -- : GET: /api/acct/2901/servers/795763.js?
I, [2010-07-26T21:29:17.932130 #5018]  INFO -- : GET: /api/acct/2901/servers/795735.js?
I, [2010-07-26T21:29:17.953637 #5040]  INFO -- : GET: /api/acct/2901/servers/795767.js?
I, [2010-07-26T21:29:18.036421 #5040]  INFO -- : tempserver-MySQL 5.0 EBS v2 (Sprint 19) is stopped
I, [2010-07-26T21:29:18.079028 #5035]  INFO -- : tempserver-MySQL 5.0 EBS v2 (Sprint 19) is stopped
I, [2010-07-26T21:29:18.177425 #5018]  INFO -- : tempserver-MySQL 5.0 EBS v2 (Sprint 19) is stopped
I, [2010-07-26T21:29:18.338414 #5018]  INFO -- : PUT: /api/acct/2901/deployments/51544
I, [2010-07-26T21:29:18.338559 #5018]  INFO -- : 	request body: {"deployment":{"parameters":{"DB_LINEAGE_NAME":"text:testlineage279044"}}}
I, [2010-07-26T21:29:18.440883 #5035]  INFO -- : PUT: /api/acct/2901/deployments/51553
I, [2010-07-26T21:29:18.441010 #5035]  INFO -- : 	request body: {"deployment":{"parameters":{"DB_LINEAGE_NAME":"text:testlineage883017"}}}
I, [2010-07-26T21:29:18.480183 #5014]  INFO -- : PUT: /api/acct/2901/deployments/51542
I, [2010-07-26T21:29:18.480317 #5014]  INFO -- : 	request body: {"deployment":{"parameters":{"EBS_STRIPE_COUNT":"text:1"}}}
I, [2010-07-26T21:29:18.590849 #5033]  INFO -- : GET: /api/acct/2901/ec2_server_templates/42160/executables.js?
I, [2010-07-26T21:29:18.906529 #5035]  INFO -- : PUT: /api/acct/2901/servers/795761
I, [2010-07-26T21:29:18.906668 #5035]  INFO -- : 	request body: {"server":{"parameters":{"DB_LINEAGE_NAME":"text:"}}}
I, [2010-07-26T21:29:18.907754 #5018]  INFO -- : PUT: /api/acct/2901/servers/795733
I, [2010-07-26T21:29:18.907864 #5018]  INFO -- : 	request body: {"server":{"parameters":{"DB_LINEAGE_NAME":"text:"}}}
I, [2010-07-26T21:29:18.915961 #5020]  INFO -- : GET: /api/acct/2901/servers/795738.js?
I, [2010-07-26T21:29:18.984462 #5037]  INFO -- : GET: /api/acct/2901/ec2_server_templates/27418.js?
I, [2010-07-26T21:29:19.148820 #5020]  INFO -- : tempserver-MySQL 5.0 EBS v2 (Sprint 19) is stopped
I, [2010-07-26T21:29:19.194231 #5026]  INFO -- : GET: /api/acct/2901/ec2_server_templates/42160/executables.js?
I, [2010-07-26T21:29:19.290085 #5040]  INFO -- : GET: /api/acct/2901/servers/795768.js?
I, [2010-07-26T21:29:19.346479 #5018]  INFO -- : PUT: /api/acct/2901/servers/795734
I, [2010-07-26T21:29:19.346612 #5018]  INFO -- : 	request body: {"server":{"parameters":{"DB_LINEAGE_NAME":"text:"}}}
I, [2010-07-26T21:29:19.384303 #5042]  INFO -- : GET: /api/acct/2901/ec2_server_templates/42160/executables.js?
I, [2010-07-26T21:29:19.385338 #5020]  INFO -- : PUT: /api/acct/2901/deployments/51545
I, [2010-07-26T21:29:19.385452 #5020]  INFO -- : 	request body: {"deployment":{"parameters":{"DB_LINEAGE_NAME":"text:testlineage801936"}}}
I, [2010-07-26T21:29:19.474564 #5029]  INFO -- : GET: /api/acct/2901/ec2_server_templates/42160/executables.js?
I, [2010-07-26T21:29:19.535390 #5040]  INFO -- : tempserver-MySQL 5.0 EBS v2 (Sprint 19) is stopped
I, [2010-07-26T21:29:19.595872 #5037]  INFO -- : GET: /api/acct/2901/ec2_server_templates/27418/executables.js?
I, [2010-07-26T21:29:19.708826 #5033]  INFO -- : GET: /api/acct/2901/servers/795758.js?
I, [2010-07-26T21:29:19.744449 #5040]  INFO -- : GET: /api/acct/2901/servers/795769.js?
I, [2010-07-26T21:29:19.745711 #5042]  INFO -- : GET: /api/acct/2901/servers/795770.js?
I, [2010-07-26T21:29:19.746778 #5024]  INFO -- : GET: /api/acct/2901/ec2_server_templates/42160/executables.js?
I, [2010-07-26T21:29:19.820568 #5033]  INFO -- : tempserver-MySQL 5.0 EBS v2 (Sprint 19) is stopped
I, [2010-07-26T21:29:19.832990 #5029]  INFO -- : GET: /api/acct/2901/servers/795752.js?
I, [2010-07-26T21:29:19.864969 #5040]  INFO -- : tempserver-MySQL 5.0 EBS v2 (Sprint 19) is stopped
I, [2010-07-26T21:29:19.885537 #5042]  INFO -- : tempserver-MySQL 5.0 EBS v2 (Sprint 19) is stopped
I, [2010-07-26T21:29:19.954752 #5018]  INFO -- : PUT: /api/acct/2901/servers/795735
I, [2010-07-26T21:29:19.954900 #5018]  INFO -- : 	request body: {"server":{"parameters":{"DB_LINEAGE_NAME":"text:"}}}
I, [2010-07-26T21:29:20.038293 #5033]  INFO -- : GET: /api/acct/2901/servers/795759.js?
I, [2010-07-26T21:29:20.043721 #5016]  INFO -- : GET: /api/acct/2901/ec2_server_templates/42160/executables.js?
I, [2010-07-26T21:29:20.098147 #5042]  INFO -- : GET: /api/acct/2901/servers/795771.js?
I, [2010-07-26T21:29:20.099375 #5040]  INFO -- : PUT: /api/acct/2901/deployments/51555
I, [2010-07-26T21:29:20.099493 #5040]  INFO -- : 	request body: {"deployment":{"parameters":{"DB_LINEAGE_NAME":"text:testlineage99504"}}}
I, [2010-07-26T21:29:20.140568 #5026]  INFO -- : GET: /api/acct/2901/servers/795746.js?
I, [2010-07-26T21:29:20.263420 #5042]  INFO -- : tempserver-MySQL 5.0 EBS v2 (Sprint 19) is stopped
I, [2010-07-26T21:29:20.269460 #5026]  INFO -- : tempserver-MySQL 5.0 EBS v2 (Sprint 19) is stopped
I, [2010-07-26T21:29:20.271276 #5033]  INFO -- : tempserver-MySQL 5.0 EBS v2 (Sprint 19) is stopped
I, [2010-07-26T21:29:20.272894 #5029]  INFO -- : tempserver-MySQL 5.0 EBS v2 (Sprint 19) is stopped
I, [2010-07-26T21:29:20.496175 #5042]  INFO -- : GET: /api/acct/2901/servers/795772.js?
I, [2010-07-26T21:29:20.584360 #5018]  INFO -- : PUT: /api/acct/2901/deployments/51544
I, [2010-07-26T21:29:20.584512 #5018]  INFO -- : 	request body: {"deployment":{"parameters":{"EBS_STRIPE_COUNT":"text:1"}}}
I, [2010-07-26T21:29:20.610762 #5026]  INFO -- : GET: /api/acct/2901/servers/795747.js?
I, [2010-07-26T21:29:20.612121 #5029]  INFO -- : GET: /api/acct/2901/servers/795753.js?
I, [2010-07-26T21:29:20.644997 #5042]  INFO -- : tempserver-MySQL 5.0 EBS v2 (Sprint 19) is stopped
I, [2010-07-26T21:29:20.650595 #5020]  INFO -- : PUT: /api/acct/2901/servers/795736
I, [2010-07-26T21:29:20.650725 #5020]  INFO -- : 	request body: {"server":{"parameters":{"DB_LINEAGE_NAME":"text:"}}}
I, [2010-07-26T21:29:20.670972 #5037]  INFO -- : GET: https://my.rightscale.com/api/acct/2901/server_templates.js?
I, [2010-07-26T21:29:20.705644 #5026]  INFO -- : tempserver-MySQL 5.0 EBS v2 (Sprint 19) is stopped
I, [2010-07-26T21:29:20.707615 #5029]  INFO -- : tempserver-MySQL 5.0 EBS v2 (Sprint 19) is stopped
I, [2010-07-26T21:29:20.916318 #5026]  INFO -- : GET: /api/acct/2901/servers/795748.js?
I, [2010-07-26T21:29:20.943678 #5024]  INFO -- : GET: /api/acct/2901/servers/795743.js?
I, [2010-07-26T21:29:20.944637 #5031]  INFO -- : GET: /api/acct/2901/ec2_server_templates/42160/executables.js?
I, [2010-07-26T21:29:20.983671 #5035]  INFO -- : PUT: /api/acct/2901/servers/795762
I, [2010-07-26T21:29:20.983811 #5035]  INFO -- : 	request body: {"server":{"parameters":{"DB_LINEAGE_NAME":"text:"}}}
I, [2010-07-26T21:29:20.997722 #5026]  INFO -- : tempserver-MySQL 5.0 EBS v2 (Sprint 19) is stopped
I, [2010-07-26T21:29:21.072365 #5024]  INFO -- : tempserver-MySQL 5.0 EBS v2 (Sprint 19) is stopped
I, [2010-07-26T21:29:21.073864 #5042]  INFO -- : PUT: /api/acct/2901/deployments/51556
I, [2010-07-26T21:29:21.073984 #5042]  INFO -- : 	request body: {"deployment":{"parameters":{"DB_LINEAGE_NAME":"text:testlineage6377"}}}
I, [2010-07-26T21:29:21.160964 #5040]  INFO -- : PUT: /api/acct/2901/servers/795767
I, [2010-07-26T21:29:21.161080 #5040]  INFO -- : 	request body: {"server":{"parameters":{"DB_LINEAGE_NAME":"text:"}}}
I, [2010-07-26T21:29:21.205572 #5022]  INFO -- : GET: /api/acct/2901/ec2_server_templates/42160/executables.js?
I, [2010-07-26T21:29:21.300383 #5026]  INFO -- : PUT: /api/acct/2901/deployments/51548
I, [2010-07-26T21:29:21.300518 #5026]  INFO -- : 	request body: {"deployment":{"parameters":{"DB_LINEAGE_NAME":"text:testlineage643750"}}}
I, [2010-07-26T21:29:21.424361 #5029]  INFO -- : GET: /api/acct/2901/servers/795754.js?
I, [2010-07-26T21:29:21.432301 #5042]  INFO -- : PUT: /api/acct/2901/servers/795770
I, [2010-07-26T21:29:21.432458 #5042]  INFO -- : 	request body: {"server":{"parameters":{"DB_LINEAGE_NAME":"text:"}}}
I, [2010-07-26T21:29:21.503817 #5044]  INFO -- : GET: /api/acct/2901/ec2_server_templates/42160/executables.js?
I, [2010-07-26T21:29:21.517350 #5016]  INFO -- : GET: /api/acct/2901/servers/795730.js?
I, [2010-07-26T21:29:21.534952 #5024]  INFO -- : GET: /api/acct/2901/servers/795744.js?
I, [2010-07-26T21:29:21.536873 #5029]  INFO -- : tempserver-MySQL 5.0 EBS v2 (Sprint 19) is stopped
I, [2010-07-26T21:29:21.539676 #5022]  INFO -- : GET: /api/acct/2901/servers/795739.js?
I, [2010-07-26T21:29:21.634687 #5016]  INFO -- : tempserver-MySQL 5.0 EBS v2 (Sprint 19) is stopped
I, [2010-07-26T21:29:21.636392 #5022]  INFO -- : tempserver-MySQL 5.0 EBS v2 (Sprint 19) is stopped
I, [2010-07-26T21:29:21.680994 #5024]  INFO -- : tempserver-MySQL 5.0 EBS v2 (Sprint 19) is stopped
I, [2010-07-26T21:29:21.682199 #5029]  INFO -- : PUT: /api/acct/2901/deployments/51550
I, [2010-07-26T21:29:21.682307 #5029]  INFO -- : 	request body: {"deployment":{"parameters":{"DB_LINEAGE_NAME":"text:testlineage563424"}}}
I, [2010-07-26T21:29:21.803696 #5022]  INFO -- : GET: /api/acct/2901/servers/795740.js?
I, [2010-07-26T21:29:21.805151 #5024]  INFO -- : GET: /api/acct/2901/servers/795745.js?
I, [2010-07-26T21:29:21.819222 #5035]  INFO -- : PUT: /api/acct/2901/servers/795763
I, [2010-07-26T21:29:21.819354 #5035]  INFO -- : 	request body: {"server":{"parameters":{"DB_LINEAGE_NAME":"text:"}}}
I, [2010-07-26T21:29:21.820476 #5020]  INFO -- : PUT: /api/acct/2901/servers/795737
I, [2010-07-26T21:29:21.820595 #5020]  INFO -- : 	request body: {"server":{"parameters":{"DB_LINEAGE_NAME":"text:"}}}
I, [2010-07-26T21:29:21.887633 #5024]  INFO -- : tempserver-MySQL 5.0 EBS v2 (Sprint 19) is stopped
I, [2010-07-26T21:29:21.904001 #5033]  INFO -- : GET: /api/acct/2901/servers/795760.js?
I, [2010-07-26T21:29:21.970065 #5040]  INFO -- : PUT: /api/acct/2901/servers/795768
I, [2010-07-26T21:29:21.970204 #5040]  INFO -- : 	request body: {"server":{"parameters":{"DB_LINEAGE_NAME":"text:"}}}
I, [2010-07-26T21:29:21.975170 #5022]  INFO -- : tempserver-MySQL 5.0 EBS v2 (Sprint 19) is stopped
I, [2010-07-26T21:29:21.993934 #5033]  INFO -- : tempserver-MySQL 5.0 EBS v2 (Sprint 19) is stopped
I, [2010-07-26T21:29:22.054450 #5031]  INFO -- : GET: /api/acct/2901/servers/795755.js?
I, [2010-07-26T21:29:22.179665 #5033]  INFO -- : PUT: /api/acct/2901/deployments/51552
I, [2010-07-26T21:29:22.179788 #5033]  INFO -- : 	request body: {"deployment":{"parameters":{"DB_LINEAGE_NAME":"text:testlineage321245"}}}
I, [2010-07-26T21:29:22.188194 #5014]  INFO -- : PUT: /api/acct/2901/deployments/51542
I, [2010-07-26T21:29:22.188333 #5014]  INFO -- : 	request body: {"deployment":{"parameters":{"MASTER_DB_DNSID":"text:5425824"}}}
I, [2010-07-26T21:29:22.190215 #5031]  INFO -- : tempserver-MySQL 5.0 EBS v2 (Sprint 19) is stopped
I, [2010-07-26T21:29:22.254384 #5038]  INFO -- : GET: /api/acct/2901/ec2_server_templates/42160/executables.js?
I, [2010-07-26T21:29:22.255354 #5022]  INFO -- : GET: /api/acct/2901/servers/795742.js?
I, [2010-07-26T21:29:22.256594 #5016]  INFO -- : GET: /api/acct/2901/servers/795731.js?
I, [2010-07-26T21:29:22.297511 #5029]  INFO -- : PUT: /api/acct/2901/servers/795752
I, [2010-07-26T21:29:22.297655 #5029]  INFO -- : 	request body: {"server":{"parameters":{"DB_LINEAGE_NAME":"text:"}}}
I, [2010-07-26T21:29:22.403040 #5016]  INFO -- : tempserver-MySQL 5.0 EBS v2 (Sprint 19) is stopped
I, [2010-07-26T21:29:22.424089 #5026]  INFO -- : PUT: /api/acct/2901/servers/795746
I, [2010-07-26T21:29:22.424264 #5026]  INFO -- : 	request body: {"server":{"parameters":{"DB_LINEAGE_NAME":"text:"}}}
I, [2010-07-26T21:29:22.534962 #5016]  INFO -- : GET: /api/acct/2901/servers/795732.js?
I, [2010-07-26T21:29:22.536946 #5031]  INFO -- : GET: /api/acct/2901/servers/795756.js?
I, [2010-07-26T21:29:22.595449 #5044]  INFO -- : GET: /api/acct/2901/servers/795773.js?
I, [2010-07-26T21:29:22.656932 #5016]  INFO -- : tempserver-MySQL 5.0 EBS v2 (Sprint 19) is stopped
I, [2010-07-26T21:29:22.664998 #5031]  INFO -- : tempserver-MySQL 5.0 EBS v2 (Sprint 19) is stopped
I, [2010-07-26T21:29:22.733018 #5029]  INFO -- : PUT: /api/acct/2901/servers/795753
I, [2010-07-26T21:29:22.733167 #5029]  INFO -- : 	request body: {"server":{"parameters":{"DB_LINEAGE_NAME":"text:"}}}
I, [2010-07-26T21:29:22.744081 #5042]  INFO -- : PUT: /api/acct/2901/servers/795771
I, [2010-07-26T21:29:22.744221 #5042]  INFO -- : 	request body: {"server":{"parameters":{"DB_LINEAGE_NAME":"text:"}}}
I, [2010-07-26T21:29:22.783207 #5044]  INFO -- : tempserver-MySQL 5.0 EBS v2 (Sprint 19) is stopped
I, [2010-07-26T21:29:22.793302 #5024]  INFO -- : PUT: /api/acct/2901/deployments/51547
I, [2010-07-26T21:29:22.793409 #5024]  INFO -- : 	request body: {"deployment":{"parameters":{"DB_LINEAGE_NAME":"text:testlineage603981"}}}
I, [2010-07-26T21:29:22.804128 #5026]  INFO -- : PUT: /api/acct/2901/servers/795747
I, [2010-07-26T21:29:22.804272 #5026]  INFO -- : 	request body: {"server":{"parameters":{"DB_LINEAGE_NAME":"text:"}}}
I, [2010-07-26T21:29:22.805393 #5033]  INFO -- : PUT: /api/acct/2901/servers/795758
I, [2010-07-26T21:29:22.805517 #5033]  INFO -- : 	request body: {"server":{"parameters":{"DB_LINEAGE_NAME":"text:"}}}
I, [2010-07-26T21:29:22.895167 #5022]  INFO -- : tempserver-MySQL 5.0 EBS v2 (Sprint 19) is stopped
I, [2010-07-26T21:29:22.924865 #5016]  INFO -- : PUT: /api/acct/2901/deployments/51543
I, [2010-07-26T21:29:22.925002 #5016]  INFO -- : 	request body: {"deployment":{"parameters":{"DB_LINEAGE_NAME":"text:testlineage354245"}}}
I, [2010-07-26T21:29:23.005918 #5044]  INFO -- : GET: /api/acct/2901/servers/795774.js?
I, [2010-07-26T21:29:23.101394 #5035]  INFO -- : PUT: /api/acct/2901/deployments/51553
I, [2010-07-26T21:29:23.101523 #5035]  INFO -- : 	request body: {"deployment":{"parameters":{"EBS_STRIPE_COUNT":"text:1"}}}
I, [2010-07-26T21:29:23.114231 #5022]  INFO -- : PUT: /api/acct/2901/deployments/51546
I, [2010-07-26T21:29:23.114368 #5022]  INFO -- : 	request body: {"deployment":{"parameters":{"DB_LINEAGE_NAME":"text:testlineage162476"}}}
I, [2010-07-26T21:29:23.132998 #5040]  INFO -- : PUT: /api/acct/2901/servers/795769
I, [2010-07-26T21:29:23.133137 #5040]  INFO -- : 	request body: {"server":{"parameters":{"DB_LINEAGE_NAME":"text:"}}}
I, [2010-07-26T21:29:23.145229 #5029]  INFO -- : PUT: /api/acct/2901/servers/795754
I, [2010-07-26T21:29:23.145369 #5029]  INFO -- : 	request body: {"server":{"parameters":{"DB_LINEAGE_NAME":"text:"}}}
I, [2010-07-26T21:29:23.154201 #5026]  INFO -- : PUT: /api/acct/2901/servers/795748
I, [2010-07-26T21:29:23.154332 #5026]  INFO -- : 	request body: {"server":{"parameters":{"DB_LINEAGE_NAME":"text:"}}}
I, [2010-07-26T21:29:23.155448 #5016]  INFO -- : PUT: /api/acct/2901/servers/795730
I, [2010-07-26T21:29:23.155574 #5016]  INFO -- : 	request body: {"server":{"parameters":{"DB_LINEAGE_NAME":"text:"}}}
I, [2010-07-26T21:29:23.158581 #5024]  INFO -- : PUT: /api/acct/2901/servers/795743
I, [2010-07-26T21:29:23.158726 #5024]  INFO -- : 	request body: {"server":{"parameters":{"DB_LINEAGE_NAME":"text:"}}}
I, [2010-07-26T21:29:23.220285 #5044]  INFO -- : tempserver-MySQL 5.0 EBS v2 (Sprint 19) is stopped
I, [2010-07-26T21:29:23.221412 #5037]  INFO -- : GET: /api/acct/2901/ec2_server_templates/42160/executables.js?
I, [2010-07-26T21:29:23.231928 #5031]  INFO -- : GET: /api/acct/2901/servers/795757.js?
I, [2010-07-26T21:29:23.285756 #5044]  INFO -- : GET: /api/acct/2901/servers/795775.js?
I, [2010-07-26T21:29:23.314245 #5014]  INFO -- : PUT: /api/acct/2901/deployments/51542
I, [2010-07-26T21:29:23.314387 #5014]  INFO -- : 	request body: {"deployment":{"parameters":{"SLAVE_DB_DNSID":"text:5425828"}}}
I, [2010-07-26T21:29:23.379035 #5026]  INFO -- : PUT: /api/acct/2901/deployments/51548
I, [2010-07-26T21:29:23.379185 #5026]  INFO -- : 	request body: {"deployment":{"parameters":{"EBS_STRIPE_COUNT":"text:1"}}}
I, [2010-07-26T21:29:23.405155 #5044]  INFO -- : tempserver-MySQL 5.0 EBS v2 (Sprint 19) is stopped
I, [2010-07-26T21:29:23.427148 #5040]  INFO -- : PUT: /api/acct/2901/deployments/51555
I, [2010-07-26T21:29:23.427283 #5040]  INFO -- : 	request body: {"deployment":{"parameters":{"EBS_STRIPE_COUNT":"text:1"}}}
I, [2010-07-26T21:29:23.428490 #5024]  INFO -- : PUT: /api/acct/2901/servers/795744
I, [2010-07-26T21:29:23.428619 #5024]  INFO -- : 	request body: {"server":{"parameters":{"DB_LINEAGE_NAME":"text:"}}}
I, [2010-07-26T21:29:23.534484 #5022]  INFO -- : PUT: /api/acct/2901/servers/795739
I, [2010-07-26T21:29:23.534616 #5022]  INFO -- : 	request body: {"server":{"parameters":{"DB_LINEAGE_NAME":"text:"}}}
I, [2010-07-26T21:29:23.536579 #5031]  INFO -- : tempserver-MySQL 5.0 EBS v2 (Sprint 19) is stopped
I, [2010-07-26T21:29:23.564184 #5044]  INFO -- : PUT: /api/acct/2901/deployments/51557
I, [2010-07-26T21:29:23.564319 #5044]  INFO -- : 	request body: {"deployment":{"parameters":{"DB_LINEAGE_NAME":"text:testlineage467010"}}}
I, [2010-07-26T21:29:23.565633 #5037]  INFO -- : GET: /api/acct/2901/servers/795764.js?
I, [2010-07-26T21:29:23.651737 #5031]  INFO -- : PUT: /api/acct/2901/deployments/51551
I, [2010-07-26T21:29:23.651877 #5031]  INFO -- : 	request body: {"deployment":{"parameters":{"DB_LINEAGE_NAME":"text:testlineage264889"}}}
I, [2010-07-26T21:29:23.658363 #5014]  INFO -- : PUT: /api/acct/2901/deployments/51542
I, [2010-07-26T21:29:23.658486 #5014]  INFO -- : 	request body: {"deployment":{"parameters":{"SLAVE_DB_DNSNAME":"text:vmonk17-slave.test.rightscale.com"}}}
I, [2010-07-26T21:29:23.692413 #5038]  INFO -- : GET: /api/acct/2901/servers/795749.js?
I, [2010-07-26T21:29:23.706705 #5037]  INFO -- : tempserver-MySQL 5.0 EBS v2 (Sprint 19) is stopped
I, [2010-07-26T21:29:23.737261 #5037]  INFO -- : GET: /api/acct/2901/servers/795765.js?
I, [2010-07-26T21:29:23.811395 #5044]  INFO -- : PUT: /api/acct/2901/servers/795773
I, [2010-07-26T21:29:23.811524 #5044]  INFO -- : 	request body: {"server":{"parameters":{"DB_LINEAGE_NAME":"text:"}}}
I, [2010-07-26T21:29:23.840572 #5038]  INFO -- : tempserver-MySQL 5.0 EBS v2 (Sprint 19) is stopped
I, [2010-07-26T21:29:23.884994 #5038]  INFO -- : GET: /api/acct/2901/servers/795750.js?
I, [2010-07-26T21:29:23.916409 #5024]  INFO -- : PUT: /api/acct/2901/servers/795745
I, [2010-07-26T21:29:23.916549 #5024]  INFO -- : 	request body: {"server":{"parameters":{"DB_LINEAGE_NAME":"text:"}}}
I, [2010-07-26T21:29:23.937119 #5031]  INFO -- : PUT: /api/acct/2901/servers/795755
I, [2010-07-26T21:29:23.937257 #5031]  INFO -- : 	request body: {"server":{"parameters":{"DB_LINEAGE_NAME":"text:"}}}
I, [2010-07-26T21:29:23.991130 #5038]  INFO -- : tempserver-MySQL 5.0 EBS v2 (Sprint 19) is stopped
I, [2010-07-26T21:29:24.024902 #5037]  INFO -- : tempserver-MySQL 5.0 EBS v2 (Sprint 19) is stopped
I, [2010-07-26T21:29:24.035438 #5038]  INFO -- : GET: /api/acct/2901/servers/795751.js?
I, [2010-07-26T21:29:24.036612 #5044]  INFO -- : PUT: /api/acct/2901/servers/795774
I, [2010-07-26T21:29:24.036738 #5044]  INFO -- : 	request body: {"server":{"parameters":{"DB_LINEAGE_NAME":"text:"}}}
I, [2010-07-26T21:29:24.064690 #5037]  INFO -- : GET: /api/acct/2901/servers/795766.js?
I, [2010-07-26T21:29:24.215015 #5042]  INFO -- : PUT: /api/acct/2901/servers/795772
I, [2010-07-26T21:29:24.215151 #5042]  INFO -- : 	request body: {"server":{"parameters":{"DB_LINEAGE_NAME":"text:"}}}
I, [2010-07-26T21:29:24.225039 #5037]  INFO -- : tempserver-MySQL 5.0 EBS v2 (Sprint 19) is stopped
I, [2010-07-26T21:29:24.228379 #5038]  INFO -- : tempserver-MySQL 5.0 EBS v2 (Sprint 19) is stopped
I, [2010-07-26T21:29:24.460705 #5024]  INFO -- : PUT: /api/acct/2901/deployments/51547
I, [2010-07-26T21:29:24.460851 #5024]  INFO -- : 	request body: {"deployment":{"parameters":{"EBS_STRIPE_COUNT":"text:1"}}}
I, [2010-07-26T21:29:24.609671 #5031]  INFO -- : PUT: /api/acct/2901/servers/795756
I, [2010-07-26T21:29:24.609797 #5031]  INFO -- : 	request body: {"server":{"parameters":{"DB_LINEAGE_NAME":"text:"}}}
I, [2010-07-26T21:29:24.611596 #5038]  INFO -- : PUT: /api/acct/2901/deployments/51549
I, [2010-07-26T21:29:24.611728 #5038]  INFO -- : 	request body: {"deployment":{"parameters":{"DB_LINEAGE_NAME":"text:testlineage955438"}}}
I, [2010-07-26T21:29:24.612931 #5014]  INFO -- : PUT: /api/acct/2901/deployments/51542
I, [2010-07-26T21:29:24.613058 #5014]  INFO -- : 	request body: {"deployment":{"parameters":{"MASTER_DB_DNSNAME":"text:vmonk17-master.test.rightscale.com"}}}
I, [2010-07-26T21:29:24.614418 #5016]  INFO -- : PUT: /api/acct/2901/servers/795731
I, [2010-07-26T21:29:24.614557 #5016]  INFO -- : 	request body: {"server":{"parameters":{"DB_LINEAGE_NAME":"text:"}}}
I, [2010-07-26T21:29:24.634149 #5042]  INFO -- : PUT: /api/acct/2901/deployments/51556
I, [2010-07-26T21:29:24.634289 #5042]  INFO -- : 	request body: {"deployment":{"parameters":{"EBS_STRIPE_COUNT":"text:1"}}}
I, [2010-07-26T21:29:24.665740 #5022]  INFO -- : PUT: /api/acct/2901/servers/795740
I, [2010-07-26T21:29:24.665886 #5022]  INFO -- : 	request body: {"server":{"parameters":{"DB_LINEAGE_NAME":"text:"}}}
I, [2010-07-26T21:29:24.678880 #5033]  INFO -- : PUT: /api/acct/2901/servers/795759
I, [2010-07-26T21:29:24.679030 #5033]  INFO -- : 	request body: {"server":{"parameters":{"DB_LINEAGE_NAME":"text:"}}}
I, [2010-07-26T21:29:24.694561 #5044]  INFO -- : PUT: /api/acct/2901/servers/795775
I, [2010-07-26T21:29:24.694749 #5044]  INFO -- : 	request body: {"server":{"parameters":{"DB_LINEAGE_NAME":"text:"}}}
I, [2010-07-26T21:29:24.957623 #5020]  INFO -- : PUT: /api/acct/2901/servers/795738
I, [2010-07-26T21:29:24.957767 #5020]  INFO -- : 	request body: {"server":{"parameters":{"DB_LINEAGE_NAME":"text:"}}}
I, [2010-07-26T21:29:24.958950 #5014]  INFO -- : POST: /api/acct/2901/servers/795727/start
I, [2010-07-26T21:29:24.970634 #5038]  INFO -- : PUT: /api/acct/2901/servers/795749
I, [2010-07-26T21:29:25.085775 #5037]  INFO -- : PUT: /api/acct/2901/deployments/51554
I, [2010-07-26T21:29:25.085922 #5037]  INFO -- : 	request body: {"deployment":{"parameters":{"DB_LINEAGE_NAME":"text:testlineage641426"}}}
I, [2010-07-26T21:29:25.113081 #5044]  INFO -- : PUT: /api/acct/2901/deployments/51557
I, [2010-07-26T21:29:25.113225 #5044]  INFO -- : 	request body: {"deployment":{"parameters":{"EBS_STRIPE_COUNT":"text:1"}}}
I, [2010-07-26T21:29:25.114425 #5033]  INFO -- : PUT: /api/acct/2901/servers/795760
I, [2010-07-26T21:29:25.114557 #5033]  INFO -- : 	request body: {"server":{"parameters":{"DB_LINEAGE_NAME":"text:"}}}
I, [2010-07-26T21:29:25.148308 #5029]  INFO -- : PUT: /api/acct/2901/deployments/51550
I, [2010-07-26T21:29:25.148441 #5029]  INFO -- : 	request body: {"deployment":{"parameters":{"EBS_STRIPE_COUNT":"text:1"}}}
I, [2010-07-26T21:29:25.300851 #5026]  INFO -- : PUT: /api/acct/2901/deployments/51548
I, [2010-07-26T21:29:25.300989 #5026]  INFO -- : 	request body: {"deployment":{"parameters":{"deployone":"cachedjunk?"}}}
I, [2010-07-26T21:29:25.314022 #5038]  INFO -- : 	request body: {"server":{"parameters":{"DB_LINEAGE_NAME":"text:"}}}
I, [2010-07-26T21:29:25.444714 #5033]  INFO -- : PUT: /api/acct/2901/deployments/51552
I, [2010-07-26T21:29:25.444846 #5033]  INFO -- : 	request body: {"deployment":{"parameters":{"EBS_STRIPE_COUNT":"text:1"}}}
I, [2010-07-26T21:29:25.840234 #5022]  INFO -- : PUT: /api/acct/2901/servers/795742
I, [2010-07-26T21:29:25.840354 #5022]  INFO -- : 	request body: {"server":{"parameters":{"DB_LINEAGE_NAME":"text:"}}}
I, [2010-07-26T21:29:25.851670 #5031]  INFO -- : PUT: /api/acct/2901/servers/795757
I, [2010-07-26T21:29:25.851825 #5031]  INFO -- : 	request body: {"server":{"parameters":{"DB_LINEAGE_NAME":"text:"}}}
I, [2010-07-26T21:29:26.034256 #5020]  INFO -- : PUT: /api/acct/2901/deployments/51545
I, [2010-07-26T21:29:26.034376 #5020]  INFO -- : 	request body: {"deployment":{"parameters":{"EBS_STRIPE_COUNT":"text:1"}}}
I, [2010-07-26T21:29:26.133708 #5038]  INFO -- : PUT: /api/acct/2901/servers/795750
I, [2010-07-26T21:29:26.133851 #5038]  INFO -- : 	request body: {"server":{"parameters":{"DB_LINEAGE_NAME":"text:"}}}
I, [2010-07-26T21:29:26.196933 #5016]  INFO -- : PUT: /api/acct/2901/servers/795732
I, [2010-07-26T21:29:26.197085 #5016]  INFO -- : 	request body: {"server":{"parameters":{"DB_LINEAGE_NAME":"text:"}}}
I, [2010-07-26T21:29:26.273214 #5037]  INFO -- : PUT: /api/acct/2901/servers/795764
I, [2010-07-26T21:29:26.273340 #5037]  INFO -- : 	request body: {"server":{"parameters":{"DB_LINEAGE_NAME":"text:"}}}
I, [2010-07-26T21:29:26.504423 #5044]  INFO -- : PUT: /api/acct/2901/deployments/51557
I, [2010-07-26T21:29:26.504564 #5044]  INFO -- : 	request body: {"deployment":{"parameters":{"MASTER_DB_DNSID":"text:5425831"}}}
I, [2010-07-26T21:29:26.506100 #5038]  INFO -- : PUT: /api/acct/2901/servers/795751
I, [2010-07-26T21:29:26.506232 #5038]  INFO -- : 	request body: {"server":{"parameters":{"DB_LINEAGE_NAME":"text:"}}}
I, [2010-07-26T21:29:26.542203 #5016]  INFO -- : PUT: /api/acct/2901/deployments/51543
I, [2010-07-26T21:29:26.542333 #5016]  INFO -- : 	request body: {"deployment":{"parameters":{"EBS_STRIPE_COUNT":"text:1"}}}
I, [2010-07-26T21:29:26.639639 #5037]  INFO -- : PUT: /api/acct/2901/servers/795765
I, [2010-07-26T21:29:26.639775 #5037]  INFO -- : 	request body: {"server":{"parameters":{"DB_LINEAGE_NAME":"text:"}}}
I, [2010-07-26T21:29:26.641405 #5022]  INFO -- : PUT: /api/acct/2901/deployments/51546
I, [2010-07-26T21:29:26.641529 #5022]  INFO -- : 	request body: {"deployment":{"parameters":{"EBS_STRIPE_COUNT":"text:1"}}}
I, [2010-07-26T21:29:26.757790 #5038]  INFO -- : PUT: /api/acct/2901/deployments/51549
I, [2010-07-26T21:29:26.757925 #5038]  INFO -- : 	request body: {"deployment":{"parameters":{"EBS_STRIPE_COUNT":"text:1"}}}
I, [2010-07-26T21:29:26.917315 #5031]  INFO -- : PUT: /api/acct/2901/deployments/51551
I, [2010-07-26T21:29:26.917465 #5031]  INFO -- : 	request body: {"deployment":{"parameters":{"EBS_STRIPE_COUNT":"text:1"}}}
I, [2010-07-26T21:29:27.053161 #5016]  INFO -- : PUT: /api/acct/2901/deployments/51543
I, [2010-07-26T21:29:27.053296 #5016]  INFO -- : 	request body: {"deployment":{"parameters":{"MASTER_DB_DNSID":"text:5264480"}}}
I, [2010-07-26T21:29:27.306561 #5016]  INFO -- : PUT: /api/acct/2901/deployments/51543
I, [2010-07-26T21:29:27.306708 #5016]  INFO -- : 	request body: {"deployment":{"parameters":{"SLAVE_DB_DNSID":"text:5264500"}}}
I, [2010-07-26T21:29:27.327023 #5038]  INFO -- : PUT: /api/acct/2901/deployments/51549
I, [2010-07-26T21:29:27.327153 #5038]  INFO -- : 	request body: {"deployment":{"parameters":{"MASTER_DB_DNSID":"text:5264481"}}}
I, [2010-07-26T21:29:27.628554 #5037]  INFO -- : PUT: /api/acct/2901/servers/795766
I, [2010-07-26T21:29:27.628687 #5037]  INFO -- : 	request body: {"server":{"parameters":{"DB_LINEAGE_NAME":"text:"}}}
I, [2010-07-26T21:29:27.879039 #5016]  INFO -- : PUT: /api/acct/2901/deployments/51543
I, [2010-07-26T21:29:27.879180 #5016]  INFO -- : 	request body: {"deployment":{"parameters":{"SLAVE_DB_DNSNAME":"text:vmonk1-slave.test.rightscale.com"}}}
I, [2010-07-26T21:29:27.880300 #5037]  INFO -- : PUT: /api/acct/2901/deployments/51554
I, [2010-07-26T21:29:27.880429 #5037]  INFO -- : 	request body: {"deployment":{"parameters":{"EBS_STRIPE_COUNT":"text:1"}}}
I, [2010-07-26T21:29:28.041938 #5016]  INFO -- : PUT: /api/acct/2901/deployments/51543
I, [2010-07-26T21:29:28.042061 #5016]  INFO -- : 	request body: {"deployment":{"parameters":{"MASTER_DB_DNSNAME":"text:vmonk1-master.test.rightscale.com"}}}
I, [2010-07-26T21:29:28.316493 #5044]  INFO -- : PUT: /api/acct/2901/deployments/51557
I, [2010-07-26T21:29:28.316641 #5044]  INFO -- : 	request body: {"deployment":{"parameters":{"SLAVE_DB_DNSID":"text:5425832"}}}
I, [2010-07-26T21:29:28.396388 #5038]  INFO -- : PUT: /api/acct/2901/deployments/51549
I, [2010-07-26T21:29:28.396529 #5038]  INFO -- : 	request body: {"deployment":{"parameters":{"SLAVE_DB_DNSID":"text:5264501"}}}
I, [2010-07-26T21:29:28.447362 #5016]  INFO -- : POST: /api/acct/2901/servers/795730/start
I, [2010-07-26T21:29:28.557958 #5037]  INFO -- : PUT: /api/acct/2901/deployments/51554
I, [2010-07-26T21:29:28.558094 #5037]  INFO -- : 	request body: {"deployment":{"parameters":{"MASTER_DB_DNSID":"text:5264482"}}}
I, [2010-07-26T21:29:28.585545 #5044]  INFO -- : PUT: /api/acct/2901/deployments/51557
I, [2010-07-26T21:29:28.585686 #5044]  INFO -- : 	request body: {"deployment":{"parameters":{"SLAVE_DB_DNSNAME":"text:vmonk18-slave.test.rightscale.com"}}}
I, [2010-07-26T21:29:28.762515 #5037]  INFO -- : PUT: /api/acct/2901/deployments/51554
I, [2010-07-26T21:29:28.762631 #5037]  INFO -- : 	request body: {"deployment":{"parameters":{"SLAVE_DB_DNSID":"text:5264503"}}}
I, [2010-07-26T21:29:28.840313 #5044]  INFO -- : PUT: /api/acct/2901/deployments/51557
I, [2010-07-26T21:29:28.840442 #5044]  INFO -- : 	request body: {"deployment":{"parameters":{"MASTER_DB_DNSNAME":"text:vmonk18-master.test.rightscale.com"}}}
I, [2010-07-26T21:29:28.872344 #5038]  INFO -- : PUT: /api/acct/2901/deployments/51549
I, [2010-07-26T21:29:28.872471 #5038]  INFO -- : 	request body: {"deployment":{"parameters":{"SLAVE_DB_DNSNAME":"text:vmonk2-slave.test.rightscale.com"}}}
I, [2010-07-26T21:29:29.108507 #5044]  INFO -- : POST: /api/acct/2901/servers/795773/start
I, [2010-07-26T21:29:29.170847 #5038]  INFO -- : PUT: /api/acct/2901/deployments/51549
I, [2010-07-26T21:29:29.170972 #5038]  INFO -- : 	request body: {"deployment":{"parameters":{"MASTER_DB_DNSNAME":"text:vmonk2-master.test.rightscale.com"}}}
I, [2010-07-26T21:29:29.370029 #5038]  INFO -- : POST: /api/acct/2901/servers/795749/start
I, [2010-07-26T21:29:29.438855 #5014]  INFO -- : POST: /api/acct/2901/servers/795728/start
I, [2010-07-26T21:29:29.713361 #5037]  INFO -- : PUT: /api/acct/2901/deployments/51554
I, [2010-07-26T21:29:29.713490 #5037]  INFO -- : 	request body: {"deployment":{"parameters":{"SLAVE_DB_DNSNAME":"text:vmonk3-slave.test.rightscale.com"}}}
I, [2010-07-26T21:29:29.979379 #5037]  INFO -- : PUT: /api/acct/2901/deployments/51554
I, [2010-07-26T21:29:29.979510 #5037]  INFO -- : 	request body: {"deployment":{"parameters":{"MASTER_DB_DNSNAME":"text:vmonk3-master.test.rightscale.com"}}}
I, [2010-07-26T21:29:30.182212 #5037]  INFO -- : POST: /api/acct/2901/servers/795764/start
I, [2010-07-26T21:29:30.702327 #5040]  INFO -- : PUT: /api/acct/2901/deployments/51555
I, [2010-07-26T21:29:30.702471 #5040]  INFO -- : 	request body: {"deployment":{"parameters":{"MASTER_DB_DNSID":"text:5264483"}}}
I, [2010-07-26T21:29:31.259170 #5035]  INFO -- : POST: /api/acct/2901/servers/795761/start
I, [2010-07-26T21:29:31.642014 #5040]  INFO -- : PUT: /api/acct/2901/deployments/51555
I, [2010-07-26T21:29:31.642148 #5040]  INFO -- : 	request body: {"deployment":{"parameters":{"SLAVE_DB_DNSID":"text:5264506"}}}
I, [2010-07-26T21:29:31.868818 #5016]  INFO -- : POST: /api/acct/2901/servers/795731/start
I, [2010-07-26T21:29:31.898515 #5040]  INFO -- : PUT: /api/acct/2901/deployments/51555
I, [2010-07-26T21:29:31.898635 #5040]  INFO -- : 	request body: {"deployment":{"parameters":{"SLAVE_DB_DNSNAME":"text:vmonk4-slave.test.rightscale.com"}}}
I, [2010-07-26T21:29:32.321199 #5044]  INFO -- : POST: /api/acct/2901/servers/795774/start
I, [2010-07-26T21:29:32.455703 #5040]  INFO -- : PUT: /api/acct/2901/deployments/51555
I, [2010-07-26T21:29:32.455839 #5040]  INFO -- : 	request body: {"deployment":{"parameters":{"MASTER_DB_DNSNAME":"text:vmonk4-master.test.rightscale.com"}}}
I, [2010-07-26T21:29:32.618153 #5014]  INFO -- : POST: /api/acct/2901/servers/795729/start
I, [2010-07-26T21:29:32.716611 #5040]  INFO -- : POST: /api/acct/2901/servers/795767/start
I, [2010-07-26T21:29:32.856956 #5020]  INFO -- : PUT: /api/acct/2901/deployments/51545
I, [2010-07-26T21:29:32.857085 #5020]  INFO -- : 	request body: {"deployment":{"parameters":{"MASTER_DB_DNSID":"text:5264497"}}}
I, [2010-07-26T21:29:33.055157 #5020]  INFO -- : PUT: /api/acct/2901/deployments/51545
I, [2010-07-26T21:29:33.055294 #5020]  INFO -- : 	request body: {"deployment":{"parameters":{"SLAVE_DB_DNSID":"text:5264518"}}}
I, [2010-07-26T21:29:33.279891 #5020]  INFO -- : PUT: /api/acct/2901/deployments/51545
I, [2010-07-26T21:29:33.280037 #5020]  INFO -- : 	request body: {"deployment":{"parameters":{"SLAVE_DB_DNSNAME":"text:vmonk11-slave.test.rightscale.com"}}}
I, [2010-07-26T21:29:33.580560 #5020]  INFO -- : PUT: /api/acct/2901/deployments/51545
I, [2010-07-26T21:29:33.580728 #5020]  INFO -- : 	request body: {"deployment":{"parameters":{"MASTER_DB_DNSNAME":"text:vmonk11-master.test.rightscale.com"}}}
I, [2010-07-26T21:29:33.581780 #5037]  INFO -- : POST: /api/acct/2901/servers/795765/start
I, [2010-07-26T21:29:33.796575 #5022]  INFO -- : PUT: /api/acct/2901/deployments/51546
I, [2010-07-26T21:29:33.796701 #5022]  INFO -- : 	request body: {"deployment":{"parameters":{"MASTER_DB_DNSID":"text:5264484"}}}
I, [2010-07-26T21:29:34.161631 #5022]  INFO -- : PUT: /api/acct/2901/deployments/51546
I, [2010-07-26T21:29:34.161763 #5022]  INFO -- : 	request body: {"deployment":{"parameters":{"SLAVE_DB_DNSID":"text:5264507"}}}
I, [2010-07-26T21:29:34.232680 #5038]  INFO -- : POST: /api/acct/2901/servers/795750/start
I, [2010-07-26T21:29:34.335343 #5022]  INFO -- : PUT: /api/acct/2901/deployments/51546
I, [2010-07-26T21:29:34.335481 #5022]  INFO -- : 	request body: {"deployment":{"parameters":{"SLAVE_DB_DNSNAME":"text:vmonk5-slave.test.rightscale.com"}}}
I, [2010-07-26T21:29:34.540744 #5022]  INFO -- : PUT: /api/acct/2901/deployments/51546
I, [2010-07-26T21:29:34.540871 #5022]  INFO -- : 	request body: {"deployment":{"parameters":{"MASTER_DB_DNSNAME":"text:vmonk5-master.test.rightscale.com"}}}
I, [2010-07-26T21:29:34.579849 #5020]  INFO -- : POST: /api/acct/2901/servers/795736/start
I, [2010-07-26T21:29:35.336470 #5022]  INFO -- : POST: /api/acct/2901/servers/795739/start
I, [2010-07-26T21:29:35.544170 #5016]  INFO -- : POST: /api/acct/2901/servers/795732/start
I, [2010-07-26T21:29:35.909799 #5040]  INFO -- : POST: /api/acct/2901/servers/795768/start
I, [2010-07-26T21:29:35.920142 #5035]  INFO -- : POST: /api/acct/2901/servers/795762/start
I, [2010-07-26T21:29:35.963451 #5042]  INFO -- : PUT: /api/acct/2901/deployments/51556
I, [2010-07-26T21:29:35.963568 #5042]  INFO -- : 	request body: {"deployment":{"parameters":{"MASTER_DB_DNSID":"text:5264498"}}}
I, [2010-07-26T21:29:36.203239 #5042]  INFO -- : PUT: /api/acct/2901/deployments/51556
I, [2010-07-26T21:29:36.203384 #5042]  INFO -- : 	request body: {"deployment":{"parameters":{"SLAVE_DB_DNSID":"text:5264519"}}}
I, [2010-07-26T21:29:36.389822 #5024]  INFO -- : PUT: /api/acct/2901/deployments/51547
I, [2010-07-26T21:29:36.389962 #5024]  INFO -- : 	request body: {"deployment":{"parameters":{"MASTER_DB_DNSID":"text:5264485"}}}
I, [2010-07-26T21:29:36.400440 #5037]  INFO -- : POST: /api/acct/2901/servers/795766/start
I, [2010-07-26T21:29:36.464841 #5014]  INFO -- : GET: /api/acct/2901/servers/795727.js?
I, [2010-07-26T21:29:36.614375 #5024]  INFO -- : PUT: /api/acct/2901/deployments/51547
I, [2010-07-26T21:29:36.614511 #5024]  INFO -- : 	request body: {"deployment":{"parameters":{"SLAVE_DB_DNSID":"text:5264509"}}}
I, [2010-07-26T21:29:36.813141 #5044]  INFO -- : POST: /api/acct/2901/servers/795775/start
I, [2010-07-26T21:29:36.846270 #5024]  INFO -- : PUT: /api/acct/2901/deployments/51547
I, [2010-07-26T21:29:36.846413 #5024]  INFO -- : 	request body: {"deployment":{"parameters":{"SLAVE_DB_DNSNAME":"text:vmonk6-slave.test.rightscale.com"}}}
I, [2010-07-26T21:29:37.039920 #5024]  INFO -- : PUT: /api/acct/2901/deployments/51547
I, [2010-07-26T21:29:37.040053 #5024]  INFO -- : 	request body: {"deployment":{"parameters":{"MASTER_DB_DNSNAME":"text:vmonk6-master.test.rightscale.com"}}}
I, [2010-07-26T21:29:37.055091 #5014]  INFO -- : tempserver-MySQL 5.0 EBS v2 (Sprint 19) is bidding
I, [2010-07-26T21:29:37.187932 #5042]  INFO -- : PUT: /api/acct/2901/deployments/51556
I, [2010-07-26T21:29:37.188054 #5042]  INFO -- : 	request body: {"deployment":{"parameters":{"SLAVE_DB_DNSNAME":"text:vmonk12-slave.test.rightscale.com"}}}
I, [2010-07-26T21:29:37.222244 #5024]  INFO -- : POST: /api/acct/2901/servers/795743/start
I, [2010-07-26T21:29:37.328445 #5020]  INFO -- : POST: /api/acct/2901/servers/795737/start
I, [2010-07-26T21:29:37.438407 #5042]  INFO -- : PUT: /api/acct/2901/deployments/51556
I, [2010-07-26T21:29:37.438526 #5042]  INFO -- : 	request body: {"deployment":{"parameters":{"MASTER_DB_DNSNAME":"text:vmonk12-master.test.rightscale.com"}}}
I, [2010-07-26T21:29:37.604516 #5031]  INFO -- : PUT: /api/acct/2901/deployments/51551
I, [2010-07-26T21:29:37.604641 #5031]  INFO -- : 	request body: {"deployment":{"parameters":{"MASTER_DB_DNSID":"text:5425624"}}}
I, [2010-07-26T21:29:37.667859 #5042]  INFO -- : POST: /api/acct/2901/servers/795770/start
I, [2010-07-26T21:29:37.835765 #5031]  INFO -- : PUT: /api/acct/2901/deployments/51551
I, [2010-07-26T21:29:37.835897 #5031]  INFO -- : 	request body: {"deployment":{"parameters":{"SLAVE_DB_DNSID":"text:5425625"}}}
I, [2010-07-26T21:29:37.859691 #5038]  INFO -- : POST: /api/acct/2901/servers/795751/start
I, [2010-07-26T21:29:37.905543 #5018]  INFO -- : PUT: /api/acct/2901/deployments/51544
I, [2010-07-26T21:29:37.905679 #5018]  INFO -- : 	request body: {"deployment":{"parameters":{"MASTER_DB_DNSID":"text:5264487"}}}
I, [2010-07-26T21:29:38.098053 #5031]  INFO -- : PUT: /api/acct/2901/deployments/51551
I, [2010-07-26T21:29:38.098178 #5031]  INFO -- : 	request body: {"deployment":{"parameters":{"SLAVE_DB_DNSNAME":"text:vmonk13-slave.test.rightscale.com"}}}
I, [2010-07-26T21:29:38.132983 #5018]  INFO -- : PUT: /api/acct/2901/deployments/51544
I, [2010-07-26T21:29:38.133103 #5018]  INFO -- : 	request body: {"deployment":{"parameters":{"SLAVE_DB_DNSID":"text:5264511"}}}
I, [2010-07-26T21:29:38.344257 #5031]  INFO -- : PUT: /api/acct/2901/deployments/51551
I, [2010-07-26T21:29:38.344381 #5031]  INFO -- : 	request body: {"deployment":{"parameters":{"MASTER_DB_DNSNAME":"text:vmonk13-master.test.rightscale.com"}}}
I, [2010-07-26T21:29:38.551413 #5031]  INFO -- : POST: /api/acct/2901/servers/795755/start
I, [2010-07-26T21:29:38.953984 #5022]  INFO -- : POST: /api/acct/2901/servers/795740/start
I, [2010-07-26T21:29:39.081110 #5018]  INFO -- : PUT: /api/acct/2901/deployments/51544
I, [2010-07-26T21:29:39.081250 #5018]  INFO -- : 	request body: {"deployment":{"parameters":{"SLAVE_DB_DNSNAME":"text:vmonk7-slave.test.rightscale.com"}}}
I, [2010-07-26T21:29:39.132373 #5016]  INFO -- : GET: /api/acct/2901/servers/795730.js?
I, [2010-07-26T21:29:39.358013 #5016]  INFO -- : tempserver-MySQL 5.0 EBS v2 (Sprint 19) is bidding
I, [2010-07-26T21:29:39.484500 #5018]  INFO -- : PUT: /api/acct/2901/deployments/51544
I, [2010-07-26T21:29:39.484633 #5018]  INFO -- : 	request body: {"deployment":{"parameters":{"MASTER_DB_DNSNAME":"text:vmonk7-master.test.rightscale.com"}}}
I, [2010-07-26T21:29:39.749014 #5018]  INFO -- : POST: /api/acct/2901/servers/795733/start
I, [2010-07-26T21:29:39.750033 #5040]  INFO -- : POST: /api/acct/2901/servers/795769/start
I, [2010-07-26T21:29:40.023266 #5035]  INFO -- : POST: /api/acct/2901/servers/795763/start
