# Logfile created on Tue Jul 27 22:51:19 +0000 2010 by logger.rb/22285
I, [2010-07-27T22:51:19.529961 #10559]  INFO -- : GET: https://my.rightscale.com/api/acct/2901/deployments.js?filter[]=nickname=MY50-ec2-west-224481-RightImage_Ubuntu_8.04_i386_v4.3&
I, [2010-07-27T22:51:19.826599 #10559]  INFO -- : GET: /api/acct/2901/ec2_server_templates/27418.js?
I, [2010-07-27T22:51:20.069794 #10559]  INFO -- : GET: /api/acct/2901/ec2_server_templates/27418/executables.js?
I, [2010-07-27T22:51:20.076961 #10557]  INFO -- : GET: https://my.rightscale.com/api/acct/2901/deployments.js?filter[]=nickname=MY50-ec2-eu-606508-RightImage_CentOS_5.4_x64_v4.4&
I, [2010-07-27T22:51:20.395314 #10561]  INFO -- : GET: https://my.rightscale.com/api/acct/2901/deployments.js?filter[]=nickname=MY50-ec2-ap-443934-RightImage_Ubuntu_8.04_x64_v4.3&
I, [2010-07-27T22:51:20.454655 #10557]  INFO -- : GET: /api/acct/2901/ec2_server_templates/27418.js?
I, [2010-07-27T22:51:20.485675 #10563]  INFO -- : GET: https://my.rightscale.com/api/acct/2901/deployments.js?filter[]=nickname=MY50-ec2-east-81916-RightImage_CentOS_5.4_i386_v4.4&
I, [2010-07-27T22:51:20.549827 #10559]  INFO -- : GET: https://my.rightscale.com/api/acct/2901/server_templates.js?
I, [2010-07-27T22:51:20.594393 #10557]  INFO -- : GET: /api/acct/2901/ec2_server_templates/27418/executables.js?
I, [2010-07-27T22:51:20.700470 #10561]  INFO -- : GET: /api/acct/2901/ec2_server_templates/27418.js?
I, [2010-07-27T22:51:20.819654 #10563]  INFO -- : GET: /api/acct/2901/ec2_server_templates/27418.js?
I, [2010-07-27T22:51:20.916122 #10557]  INFO -- : GET: https://my.rightscale.com/api/acct/2901/server_templates.js?
I, [2010-07-27T22:51:20.997046 #10563]  INFO -- : GET: /api/acct/2901/ec2_server_templates/27418/executables.js?
I, [2010-07-27T22:51:21.265643 #10561]  INFO -- : GET: /api/acct/2901/ec2_server_templates/27418/executables.js?
I, [2010-07-27T22:51:22.140205 #10563]  INFO -- : GET: https://my.rightscale.com/api/acct/2901/server_templates.js?
I, [2010-07-27T22:51:22.589117 #10561]  INFO -- : GET: https://my.rightscale.com/api/acct/2901/server_templates.js?
I, [2010-07-27T22:51:23.909646 #10557]  INFO -- : GET: /api/acct/2901/ec2_server_templates/42160/executables.js?
I, [2010-07-27T22:51:24.025924 #10559]  INFO -- : GET: /api/acct/2901/ec2_server_templates/42160/executables.js?
I, [2010-07-27T22:51:24.549536 #10559]  INFO -- : GET: /api/acct/2901/ec2_server_templates/27418.js?
I, [2010-07-27T22:51:24.569794 #10563]  INFO -- : GET: /api/acct/2901/ec2_server_templates/42160/executables.js?
I, [2010-07-27T22:51:24.639367 #10557]  INFO -- : GET: /api/acct/2901/ec2_server_templates/27418.js?
I, [2010-07-27T22:51:24.776054 #10557]  INFO -- : GET: /api/acct/2901/ec2_server_templates/27418/executables.js?
I, [2010-07-27T22:51:24.955018 #10557]  INFO -- : GET: https://my.rightscale.com/api/acct/2901/server_templates.js?
I, [2010-07-27T22:51:25.136107 #10559]  INFO -- : GET: /api/acct/2901/ec2_server_templates/27418/executables.js?
I, [2010-07-27T22:51:25.162670 #10561]  INFO -- : GET: /api/acct/2901/ec2_server_templates/42160/executables.js?
I, [2010-07-27T22:51:25.569811 #10563]  INFO -- : GET: /api/acct/2901/ec2_server_templates/27418.js?
I, [2010-07-27T22:51:25.698411 #10563]  INFO -- : GET: /api/acct/2901/ec2_server_templates/27418/executables.js?
I, [2010-07-27T22:51:26.119155 #10559]  INFO -- : GET: https://my.rightscale.com/api/acct/2901/server_templates.js?
I, [2010-07-27T22:51:26.127249 #10563]  INFO -- : GET: https://my.rightscale.com/api/acct/2901/server_templates.js?
I, [2010-07-27T22:51:26.607022 #10561]  INFO -- : GET: /api/acct/2901/ec2_server_templates/27418.js?
I, [2010-07-27T22:51:26.772047 #10561]  INFO -- : GET: /api/acct/2901/ec2_server_templates/27418/executables.js?
I, [2010-07-27T22:51:27.270530 #10561]  INFO -- : GET: https://my.rightscale.com/api/acct/2901/server_templates.js?
I, [2010-07-27T22:51:29.050508 #10561]  INFO -- : GET: /api/acct/2901/ec2_server_templates/42160/executables.js?
I, [2010-07-27T22:51:29.283318 #10561]  INFO -- : GET: /api/acct/2901/servers/796506.js?
I, [2010-07-27T22:51:29.380583 #10561]  INFO -- : tempserver-MySQL 5.0 EBS v2 (Sprint 19) is stopped
I, [2010-07-27T22:51:29.439631 #10561]  INFO -- : GET: /api/acct/2901/servers/796507.js?
I, [2010-07-27T22:51:29.677588 #10561]  INFO -- : tempserver-MySQL 5.0 EBS v2 (Sprint 19) is stopped
I, [2010-07-27T22:51:29.797156 #10561]  INFO -- : PUT: /api/acct/2901/deployments/51804
I, [2010-07-27T22:51:29.797298 #10561]  INFO -- : 	request body: {"deployment":{"parameters":{"DB_LINEAGE_NAME":"text:testlineage794446"}}}
I, [2010-07-27T22:51:29.812204 #10559]  INFO -- : GET: /api/acct/2901/ec2_server_templates/42160/executables.js?
I, [2010-07-27T22:51:29.977595 #10563]  INFO -- : GET: /api/acct/2901/ec2_server_templates/42160/executables.js?
I, [2010-07-27T22:51:30.194305 #10561]  INFO -- : PUT: /api/acct/2901/servers/796506
I, [2010-07-27T22:51:30.194442 #10561]  INFO -- : 	request body: {"server":{"parameters":{"DB_LINEAGE_NAME":"text:"}}}
I, [2010-07-27T22:51:30.348114 #10563]  INFO -- : GET: /api/acct/2901/servers/796508.js?
I, [2010-07-27T22:51:30.456839 #10561]  INFO -- : PUT: /api/acct/2901/servers/796507
I, [2010-07-27T22:51:30.456978 #10561]  INFO -- : 	request body: {"server":{"parameters":{"DB_LINEAGE_NAME":"text:"}}}
I, [2010-07-27T22:51:30.458738 #10563]  INFO -- : tempserver-MySQL 5.0 EBS v2 (Sprint 19) is stopped
I, [2010-07-27T22:51:30.494405 #10563]  INFO -- : GET: /api/acct/2901/servers/796509.js?
I, [2010-07-27T22:51:30.757835 #10559]  INFO -- : GET: /api/acct/2901/servers/796496.js?
I, [2010-07-27T22:51:30.758962 #10561]  INFO -- : PUT: /api/acct/2901/deployments/51804
I, [2010-07-27T22:51:30.759094 #10561]  INFO -- : 	request body: {"deployment":{"parameters":{"EBS_STRIPE_COUNT":"text:1"}}}
I, [2010-07-27T22:51:31.011942 #10559]  INFO -- : tempserver-MySQL 5.0 EBS v2 (Sprint 19) is stopped
I, [2010-07-27T22:51:31.081668 #10559]  INFO -- : GET: /api/acct/2901/servers/796497.js?
I, [2010-07-27T22:51:31.207937 #10559]  INFO -- : tempserver-MySQL 5.0 EBS v2 (Sprint 19) is stopped
I, [2010-07-27T22:51:31.298555 #10559]  INFO -- : PUT: /api/acct/2901/deployments/51799
I, [2010-07-27T22:51:31.298710 #10559]  INFO -- : 	request body: {"deployment":{"parameters":{"DB_LINEAGE_NAME":"text:testlineage366174"}}}
I, [2010-07-27T22:51:31.324518 #10557]  INFO -- : GET: /api/acct/2901/ec2_server_templates/42160/executables.js?
I, [2010-07-27T22:51:31.367478 #10561]  INFO -- : PUT: /api/acct/2901/deployments/51804
I, [2010-07-27T22:51:31.367605 #10561]  INFO -- : 	request body: {"deployment":{"parameters":{"MASTER_DB_DNSID":"text:5264485"}}}
I, [2010-07-27T22:51:31.477763 #10559]  INFO -- : PUT: /api/acct/2901/servers/796496
I, [2010-07-27T22:51:31.477897 #10559]  INFO -- : 	request body: {"server":{"parameters":{"DB_LINEAGE_NAME":"text:"}}}
I, [2010-07-27T22:51:31.479640 #10563]  INFO -- : tempserver-MySQL 5.0 EBS v2 (Sprint 19) is stopped
I, [2010-07-27T22:51:31.568962 #10563]  INFO -- : PUT: /api/acct/2901/deployments/51805
I, [2010-07-27T22:51:31.569092 #10563]  INFO -- : 	request body: {"deployment":{"parameters":{"DB_LINEAGE_NAME":"text:testlineage897779"}}}
I, [2010-07-27T22:51:31.616389 #10557]  INFO -- : GET: /api/acct/2901/servers/796485.js?
I, [2010-07-27T22:51:31.665303 #10561]  INFO -- : PUT: /api/acct/2901/deployments/51804
I, [2010-07-27T22:51:31.665427 #10561]  INFO -- : 	request body: {"deployment":{"parameters":{"SLAVE_DB_DNSID":"text:5264509"}}}
I, [2010-07-27T22:51:31.763583 #10557]  INFO -- : tempserver-MySQL 5.0 EBS v2 (Sprint 19) is stopped
I, [2010-07-27T22:51:31.797684 #10557]  INFO -- : GET: /api/acct/2901/servers/796486.js?
I, [2010-07-27T22:51:31.891842 #10557]  INFO -- : tempserver-MySQL 5.0 EBS v2 (Sprint 19) is stopped
I, [2010-07-27T22:51:31.924399 #10557]  INFO -- : PUT: /api/acct/2901/deployments/51794
I, [2010-07-27T22:51:31.924528 #10557]  INFO -- : 	request body: {"deployment":{"parameters":{"DB_LINEAGE_NAME":"text:testlineage935400"}}}
I, [2010-07-27T22:51:32.106236 #10561]  INFO -- : PUT: /api/acct/2901/deployments/51804
I, [2010-07-27T22:51:32.106381 #10561]  INFO -- : 	request body: {"deployment":{"parameters":{"SLAVE_DB_DNSNAME":"text:vmonk6-slave.test.rightscale.com"}}}
I, [2010-07-27T22:51:32.632211 #10559]  INFO -- : PUT: /api/acct/2901/servers/796497
I, [2010-07-27T22:51:32.632354 #10559]  INFO -- : 	request body: {"server":{"parameters":{"DB_LINEAGE_NAME":"text:"}}}
I, [2010-07-27T22:51:32.804141 #10563]  INFO -- : PUT: /api/acct/2901/servers/796508
I, [2010-07-27T22:51:32.804278 #10563]  INFO -- : 	request body: {"server":{"parameters":{"DB_LINEAGE_NAME":"text:"}}}
I, [2010-07-27T22:51:33.120246 #10557]  INFO -- : PUT: /api/acct/2901/servers/796485
I, [2010-07-27T22:51:33.120378 #10557]  INFO -- : 	request body: {"server":{"parameters":{"DB_LINEAGE_NAME":"text:"}}}
I, [2010-07-27T22:51:33.328699 #10561]  INFO -- : PUT: /api/acct/2901/deployments/51804
I, [2010-07-27T22:51:33.328843 #10561]  INFO -- : 	request body: {"deployment":{"parameters":{"MASTER_DB_DNSNAME":"text:vmonk6-master.test.rightscale.com"}}}
I, [2010-07-27T22:51:33.602347 #10559]  INFO -- : PUT: /api/acct/2901/deployments/51799
I, [2010-07-27T22:51:33.602485 #10559]  INFO -- : 	request body: {"deployment":{"parameters":{"EBS_STRIPE_COUNT":"text:1"}}}
I, [2010-07-27T22:51:33.798957 #10561]  INFO -- : POST: /api/acct/2901/servers/796506/start
I, [2010-07-27T22:51:33.807633 #10557]  INFO -- : PUT: /api/acct/2901/servers/796486
I, [2010-07-27T22:51:33.807761 #10557]  INFO -- : 	request body: {"server":{"parameters":{"DB_LINEAGE_NAME":"text:"}}}
I, [2010-07-27T22:51:34.090259 #10559]  INFO -- : PUT: /api/acct/2901/deployments/51799
I, [2010-07-27T22:51:34.090409 #10559]  INFO -- : 	request body: {"deployment":{"parameters":{"MASTER_DB_DNSID":"text:5425624"}}}
I, [2010-07-27T22:51:34.115421 #10557]  INFO -- : PUT: /api/acct/2901/deployments/51794
I, [2010-07-27T22:51:34.115565 #10557]  INFO -- : 	request body: {"deployment":{"parameters":{"EBS_STRIPE_COUNT":"text:1"}}}
I, [2010-07-27T22:51:34.611821 #10563]  INFO -- : PUT: /api/acct/2901/servers/796509
I, [2010-07-27T22:51:34.611961 #10563]  INFO -- : 	request body: {"server":{"parameters":{"DB_LINEAGE_NAME":"text:"}}}
I, [2010-07-27T22:51:34.836056 #10563]  INFO -- : PUT: /api/acct/2901/deployments/51805
I, [2010-07-27T22:51:34.836198 #10563]  INFO -- : 	request body: {"deployment":{"parameters":{"EBS_STRIPE_COUNT":"text:1"}}}
I, [2010-07-27T22:51:35.234489 #10559]  INFO -- : PUT: /api/acct/2901/deployments/51799
I, [2010-07-27T22:51:35.234617 #10559]  INFO -- : 	request body: {"deployment":{"parameters":{"SLAVE_DB_DNSID":"text:5425625"}}}
I, [2010-07-27T22:51:35.371866 #10557]  INFO -- : PUT: /api/acct/2901/deployments/51794
I, [2010-07-27T22:51:35.372007 #10557]  INFO -- : 	request body: {"deployment":{"parameters":{"MASTER_DB_DNSID":"text:5264487"}}}
I, [2010-07-27T22:51:35.798401 #10559]  INFO -- : PUT: /api/acct/2901/deployments/51799
I, [2010-07-27T22:51:35.798553 #10559]  INFO -- : 	request body: {"deployment":{"parameters":{"SLAVE_DB_DNSNAME":"text:vmonk13-slave.test.rightscale.com"}}}
I, [2010-07-27T22:51:36.044041 #10563]  INFO -- : PUT: /api/acct/2901/deployments/51805
I, [2010-07-27T22:51:36.044183 #10563]  INFO -- : 	request body: {"deployment":{"parameters":{"MASTER_DB_DNSID":"text:5425626"}}}
I, [2010-07-27T22:51:36.072646 #10559]  INFO -- : PUT: /api/acct/2901/deployments/51799
I, [2010-07-27T22:51:36.072805 #10559]  INFO -- : 	request body: {"deployment":{"parameters":{"MASTER_DB_DNSNAME":"text:vmonk13-master.test.rightscale.com"}}}
I, [2010-07-27T22:51:36.255694 #10557]  INFO -- : PUT: /api/acct/2901/deployments/51794
I, [2010-07-27T22:51:36.255847 #10557]  INFO -- : 	request body: {"deployment":{"parameters":{"SLAVE_DB_DNSID":"text:5264511"}}}
I, [2010-07-27T22:51:36.303587 #10563]  INFO -- : PUT: /api/acct/2901/deployments/51805
I, [2010-07-27T22:51:36.303727 #10563]  INFO -- : 	request body: {"deployment":{"parameters":{"SLAVE_DB_DNSID":"text:5425627"}}}
I, [2010-07-27T22:51:36.440899 #10557]  INFO -- : PUT: /api/acct/2901/deployments/51794
I, [2010-07-27T22:51:36.441058 #10557]  INFO -- : 	request body: {"deployment":{"parameters":{"SLAVE_DB_DNSNAME":"text:vmonk7-slave.test.rightscale.com"}}}
I, [2010-07-27T22:51:36.569433 #10563]  INFO -- : PUT: /api/acct/2901/deployments/51805
I, [2010-07-27T22:51:36.569585 #10563]  INFO -- : 	request body: {"deployment":{"parameters":{"SLAVE_DB_DNSNAME":"text:vmonk14-slave.test.rightscale.com"}}}
I, [2010-07-27T22:51:36.656689 #10557]  INFO -- : PUT: /api/acct/2901/deployments/51794
I, [2010-07-27T22:51:36.656840 #10557]  INFO -- : 	request body: {"deployment":{"parameters":{"MASTER_DB_DNSNAME":"text:vmonk7-master.test.rightscale.com"}}}
I, [2010-07-27T22:51:36.679818 #10559]  INFO -- : POST: /api/acct/2901/servers/796496/start
I, [2010-07-27T22:51:37.577579 #10563]  INFO -- : PUT: /api/acct/2901/deployments/51805
I, [2010-07-27T22:51:37.577717 #10563]  INFO -- : 	request body: {"deployment":{"parameters":{"MASTER_DB_DNSNAME":"text:vmonk14-master.test.rightscale.com"}}}
I, [2010-07-27T22:51:37.790445 #10563]  INFO -- : POST: /api/acct/2901/servers/796508/start
I, [2010-07-27T22:51:37.869369 #10557]  INFO -- : POST: /api/acct/2901/servers/796485/start
I, [2010-07-27T22:51:42.941443 #10561]  INFO -- : POST: /api/acct/2901/servers/796507/start
I, [2010-07-27T22:51:43.606961 #10559]  INFO -- : POST: /api/acct/2901/servers/796497/start
I, [2010-07-27T22:51:43.870258 #10563]  INFO -- : POST: /api/acct/2901/servers/796509/start
I, [2010-07-27T22:51:46.710578 #10557]  INFO -- : POST: /api/acct/2901/servers/796486/start
I, [2010-07-27T22:51:47.484468 #10559]  INFO -- : GET: /api/acct/2901/servers/796496.js?
I, [2010-07-27T22:51:47.609270 #10559]  INFO -- : tempserver-MySQL 5.0 EBS v2 (Sprint 19) is bidding
I, [2010-07-27T22:51:47.826549 #10561]  INFO -- : GET: /api/acct/2901/servers/796506.js?
I, [2010-07-27T22:51:47.934430 #10561]  INFO -- : tempserver-MySQL 5.0 EBS v2 (Sprint 19) is bidding
I, [2010-07-27T22:51:47.992779 #10563]  INFO -- : GET: /api/acct/2901/servers/796508.js?
I, [2010-07-27T22:51:48.109735 #10563]  INFO -- : tempserver-MySQL 5.0 EBS v2 (Sprint 19) is bidding
I, [2010-07-27T22:51:50.173633 #10557]  INFO -- : GET: /api/acct/2901/servers/796485.js?
I, [2010-07-27T22:51:50.276468 #10557]  INFO -- : tempserver-MySQL 5.0 EBS v2 (Sprint 19) is bidding
I, [2010-07-27T22:51:52.620759 #10559]  INFO -- : waiting for server tempserver-MySQL 5.0 EBS v2 (Sprint 19) to go operational, state is bidding
I, [2010-07-27T22:51:52.655793 #10559]  INFO -- : GET: /api/acct/2901/servers/796496.js?
I, [2010-07-27T22:51:52.940617 #10561]  INFO -- : waiting for server tempserver-MySQL 5.0 EBS v2 (Sprint 19) to go operational, state is bidding
I, [2010-07-27T22:51:52.970749 #10561]  INFO -- : GET: /api/acct/2901/servers/796506.js?
I, [2010-07-27T22:51:53.120663 #10563]  INFO -- : waiting for server tempserver-MySQL 5.0 EBS v2 (Sprint 19) to go operational, state is bidding
I, [2010-07-27T22:51:53.171792 #10563]  INFO -- : GET: /api/acct/2901/servers/796508.js?
I, [2010-07-27T22:51:55.290627 #10557]  INFO -- : waiting for server tempserver-MySQL 5.0 EBS v2 (Sprint 19) to go operational, state is bidding
I, [2010-07-27T22:51:55.321965 #10557]  INFO -- : GET: /api/acct/2901/servers/796485.js?
I, [2010-07-27T22:51:57.800666 #10559]  INFO -- : waiting for server tempserver-MySQL 5.0 EBS v2 (Sprint 19) to go operational, state is bidding
I, [2010-07-27T22:51:57.836379 #10559]  INFO -- : GET: /api/acct/2901/servers/796496.js?
I, [2010-07-27T22:51:58.120609 #10561]  INFO -- : waiting for server tempserver-MySQL 5.0 EBS v2 (Sprint 19) to go operational, state is bidding
I, [2010-07-27T22:51:58.150682 #10561]  INFO -- : GET: /api/acct/2901/servers/796506.js?
I, [2010-07-27T22:51:58.530832 #10563]  INFO -- : waiting for server tempserver-MySQL 5.0 EBS v2 (Sprint 19) to go operational, state is bidding
I, [2010-07-27T22:51:58.564974 #10563]  INFO -- : GET: /api/acct/2901/servers/796508.js?
I, [2010-07-27T22:52:00.440747 #10557]  INFO -- : waiting for server tempserver-MySQL 5.0 EBS v2 (Sprint 19) to go operational, state is bidding
I, [2010-07-27T22:52:00.471891 #10557]  INFO -- : GET: /api/acct/2901/servers/796485.js?
I, [2010-07-27T22:52:03.270754 #10561]  INFO -- : waiting for server tempserver-MySQL 5.0 EBS v2 (Sprint 19) to go operational, state is bidding
I, [2010-07-27T22:52:03.306903 #10561]  INFO -- : GET: /api/acct/2901/servers/796506.js?
I, [2010-07-27T22:52:03.640655 #10559]  INFO -- : waiting for server tempserver-MySQL 5.0 EBS v2 (Sprint 19) to go operational, state is bidding
I, [2010-07-27T22:52:03.671512 #10559]  INFO -- : GET: /api/acct/2901/servers/796496.js?
I, [2010-07-27T22:52:03.730653 #10563]  INFO -- : waiting for server tempserver-MySQL 5.0 EBS v2 (Sprint 19) to go operational, state is bidding
I, [2010-07-27T22:52:03.764336 #10563]  INFO -- : GET: /api/acct/2901/servers/796508.js?
I, [2010-07-27T22:52:05.570654 #10557]  INFO -- : waiting for server tempserver-MySQL 5.0 EBS v2 (Sprint 19) to go operational, state is bidding
I, [2010-07-27T22:52:05.604484 #10557]  INFO -- : GET: /api/acct/2901/servers/796485.js?
I, [2010-07-27T22:52:08.420626 #10561]  INFO -- : waiting for server tempserver-MySQL 5.0 EBS v2 (Sprint 19) to go operational, state is bidding
I, [2010-07-27T22:52:08.459971 #10561]  INFO -- : GET: /api/acct/2901/servers/796506.js?
I, [2010-07-27T22:52:08.880675 #10563]  INFO -- : waiting for server tempserver-MySQL 5.0 EBS v2 (Sprint 19) to go operational, state is bidding
I, [2010-07-27T22:52:08.910866 #10563]  INFO -- : GET: /api/acct/2901/servers/796508.js?
I, [2010-07-27T22:52:09.130616 #10559]  INFO -- : waiting for server tempserver-MySQL 5.0 EBS v2 (Sprint 19) to go operational, state is bidding
I, [2010-07-27T22:52:09.164364 #10559]  INFO -- : GET: /api/acct/2901/servers/796496.js?
I, [2010-07-27T22:52:11.650662 #10557]  INFO -- : waiting for server tempserver-MySQL 5.0 EBS v2 (Sprint 19) to go operational, state is bidding
I, [2010-07-27T22:52:11.680838 #10557]  INFO -- : GET: /api/acct/2901/servers/796485.js?
I, [2010-07-27T22:52:13.580667 #10561]  INFO -- : waiting for server tempserver-MySQL 5.0 EBS v2 (Sprint 19) to go operational, state is bidding
I, [2010-07-27T22:52:13.614253 #10561]  INFO -- : GET: /api/acct/2901/servers/796506.js?
I, [2010-07-27T22:52:14.170629 #10563]  INFO -- : waiting for server tempserver-MySQL 5.0 EBS v2 (Sprint 19) to go operational, state is bidding
I, [2010-07-27T22:52:14.200763 #10563]  INFO -- : GET: /api/acct/2901/servers/796508.js?
I, [2010-07-27T22:52:14.410622 #10559]  INFO -- : waiting for server tempserver-MySQL 5.0 EBS v2 (Sprint 19) to go operational, state is bidding
I, [2010-07-27T22:52:14.447478 #10559]  INFO -- : GET: /api/acct/2901/servers/796496.js?
I, [2010-07-27T22:52:16.960620 #10557]  INFO -- : waiting for server tempserver-MySQL 5.0 EBS v2 (Sprint 19) to go operational, state is bidding
I, [2010-07-27T22:52:16.990508 #10557]  INFO -- : GET: /api/acct/2901/servers/796485.js?
I, [2010-07-27T22:52:19.800625 #10561]  INFO -- : waiting for server tempserver-MySQL 5.0 EBS v2 (Sprint 19) to go operational, state is bidding
I, [2010-07-27T22:52:19.806314 #10563]  INFO -- : waiting for server tempserver-MySQL 5.0 EBS v2 (Sprint 19) to go operational, state is bidding
I, [2010-07-27T22:52:19.838791 #10559]  INFO -- : waiting for server tempserver-MySQL 5.0 EBS v2 (Sprint 19) to go operational, state is bidding
I, [2010-07-27T22:52:19.839597 #10563]  INFO -- : GET: /api/acct/2901/servers/796508.js?
I, [2010-07-27T22:52:19.880663 #10561]  INFO -- : GET: /api/acct/2901/servers/796506.js?
I, [2010-07-27T22:52:19.902377 #10559]  INFO -- : GET: /api/acct/2901/servers/796496.js?
I, [2010-07-27T22:52:22.090621 #10557]  INFO -- : waiting for server tempserver-MySQL 5.0 EBS v2 (Sprint 19) to go operational, state is bidding
I, [2010-07-27T22:52:22.136046 #10557]  INFO -- : GET: /api/acct/2901/servers/796485.js?
I, [2010-07-27T22:52:25.000671 #10561]  INFO -- : waiting for server tempserver-MySQL 5.0 EBS v2 (Sprint 19) to go operational, state is bidding
I, [2010-07-27T22:52:25.035008 #10561]  INFO -- : GET: /api/acct/2901/servers/796506.js?
I, [2010-07-27T22:52:25.160606 #10559]  INFO -- : waiting for server tempserver-MySQL 5.0 EBS v2 (Sprint 19) to go operational, state is bidding
I, [2010-07-27T22:52:25.191420 #10559]  INFO -- : GET: /api/acct/2901/servers/796496.js?
I, [2010-07-27T22:52:25.660628 #10563]  INFO -- : waiting for server tempserver-MySQL 5.0 EBS v2 (Sprint 19) to go operational, state is bidding
I, [2010-07-27T22:52:25.700084 #10563]  INFO -- : GET: /api/acct/2901/servers/796508.js?
I, [2010-07-27T22:52:27.260659 #10557]  INFO -- : waiting for server tempserver-MySQL 5.0 EBS v2 (Sprint 19) to go operational, state is bidding
I, [2010-07-27T22:52:27.296296 #10557]  INFO -- : GET: /api/acct/2901/servers/796485.js?
I, [2010-07-27T22:52:30.150669 #10561]  INFO -- : waiting for server tempserver-MySQL 5.0 EBS v2 (Sprint 19) to go operational, state is bidding
I, [2010-07-27T22:52:30.187970 #10561]  INFO -- : GET: /api/acct/2901/servers/796506.js?
I, [2010-07-27T22:52:30.830642 #10563]  INFO -- : waiting for server tempserver-MySQL 5.0 EBS v2 (Sprint 19) to go operational, state is bidding
I, [2010-07-27T22:52:30.861964 #10563]  INFO -- : GET: /api/acct/2901/servers/796508.js?
I, [2010-07-27T22:52:31.090662 #10559]  INFO -- : waiting for server tempserver-MySQL 5.0 EBS v2 (Sprint 19) to go operational, state is bidding
I, [2010-07-27T22:52:31.128578 #10559]  INFO -- : GET: /api/acct/2901/servers/796496.js?
I, [2010-07-27T22:52:32.430639 #10557]  INFO -- : waiting for server tempserver-MySQL 5.0 EBS v2 (Sprint 19) to go operational, state is bidding
I, [2010-07-27T22:52:32.464018 #10557]  INFO -- : GET: /api/acct/2901/servers/796485.js?
I, [2010-07-27T22:52:35.360679 #10561]  INFO -- : waiting for server tempserver-MySQL 5.0 EBS v2 (Sprint 19) to go operational, state is bidding
I, [2010-07-27T22:52:35.434282 #10561]  INFO -- : GET: /api/acct/2901/servers/796506.js?
I, [2010-07-27T22:52:36.000664 #10563]  INFO -- : waiting for server tempserver-MySQL 5.0 EBS v2 (Sprint 19) to go operational, state is bidding
I, [2010-07-27T22:52:36.033676 #10563]  INFO -- : GET: /api/acct/2901/servers/796508.js?
I, [2010-07-27T22:52:36.267933 #10559]  INFO -- : waiting for server tempserver-MySQL 5.0 EBS v2 (Sprint 19) to go operational, state is bidding
I, [2010-07-27T22:52:36.302769 #10559]  INFO -- : GET: /api/acct/2901/servers/796496.js?
I, [2010-07-27T22:52:37.597984 #10557]  INFO -- : waiting for server tempserver-MySQL 5.0 EBS v2 (Sprint 19) to go operational, state is bidding
I, [2010-07-27T22:52:37.627802 #10557]  INFO -- : GET: /api/acct/2901/servers/796485.js?
I, [2010-07-27T22:52:40.537956 #10561]  INFO -- : waiting for server tempserver-MySQL 5.0 EBS v2 (Sprint 19) to go operational, state is bidding
I, [2010-07-27T22:52:40.572304 #10561]  INFO -- : GET: /api/acct/2901/servers/796506.js?
I, [2010-07-27T22:52:41.377957 #10563]  INFO -- : waiting for server tempserver-MySQL 5.0 EBS v2 (Sprint 19) to go operational, state is bidding
I, [2010-07-27T22:52:41.400840 #10559]  INFO -- : waiting for server tempserver-MySQL 5.0 EBS v2 (Sprint 19) to go operational, state is bidding
I, [2010-07-27T22:52:41.426251 #10563]  INFO -- : GET: /api/acct/2901/servers/796508.js?
I, [2010-07-27T22:52:41.518145 #10559]  INFO -- : GET: /api/acct/2901/servers/796496.js?
I, [2010-07-27T22:52:43.507951 #10557]  INFO -- : waiting for server tempserver-MySQL 5.0 EBS v2 (Sprint 19) to go operational, state is bidding
I, [2010-07-27T22:52:43.538353 #10557]  INFO -- : GET: /api/acct/2901/servers/796485.js?
I, [2010-07-27T22:52:45.867952 #10561]  INFO -- : waiting for server tempserver-MySQL 5.0 EBS v2 (Sprint 19) to go operational, state is bidding
I, [2010-07-27T22:52:45.901935 #10561]  INFO -- : GET: /api/acct/2901/servers/796506.js?
I, [2010-07-27T22:52:46.687987 #10563]  INFO -- : waiting for server tempserver-MySQL 5.0 EBS v2 (Sprint 19) to go operational, state is bidding
I, [2010-07-27T22:52:46.718152 #10563]  INFO -- : GET: /api/acct/2901/servers/796508.js?
I, [2010-07-27T22:52:46.897959 #10559]  INFO -- : waiting for server tempserver-MySQL 5.0 EBS v2 (Sprint 19) to go operational, state is bidding
I, [2010-07-27T22:52:46.932252 #10559]  INFO -- : GET: /api/acct/2901/servers/796496.js?
I, [2010-07-27T22:52:48.657951 #10557]  INFO -- : waiting for server tempserver-MySQL 5.0 EBS v2 (Sprint 19) to go operational, state is bidding
I, [2010-07-27T22:52:48.688158 #10557]  INFO -- : GET: /api/acct/2901/servers/796485.js?
I, [2010-07-27T22:52:51.767956 #10561]  INFO -- : waiting for server tempserver-MySQL 5.0 EBS v2 (Sprint 19) to go operational, state is bidding
I, [2010-07-27T22:52:51.802043 #10561]  INFO -- : GET: /api/acct/2901/servers/796506.js?
I, [2010-07-27T22:52:51.887942 #10563]  INFO -- : waiting for server tempserver-MySQL 5.0 EBS v2 (Sprint 19) to go operational, state is bidding
I, [2010-07-27T22:52:51.927990 #10563]  INFO -- : GET: /api/acct/2901/servers/796508.js?
I, [2010-07-27T22:52:52.097961 #10559]  INFO -- : waiting for server tempserver-MySQL 5.0 EBS v2 (Sprint 19) to go operational, state is booting
I, [2010-07-27T22:52:52.132257 #10559]  INFO -- : GET: /api/acct/2901/servers/796496.js?
I, [2010-07-27T22:52:53.897989 #10557]  INFO -- : waiting for server tempserver-MySQL 5.0 EBS v2 (Sprint 19) to go operational, state is bidding
I, [2010-07-27T22:52:53.928991 #10557]  INFO -- : GET: /api/acct/2901/servers/796485.js?
I, [2010-07-27T22:52:56.887990 #10561]  INFO -- : waiting for server tempserver-MySQL 5.0 EBS v2 (Sprint 19) to go operational, state is bidding
I, [2010-07-27T22:52:56.922430 #10561]  INFO -- : GET: /api/acct/2901/servers/796506.js?
I, [2010-07-27T22:52:57.037941 #10563]  INFO -- : waiting for server tempserver-MySQL 5.0 EBS v2 (Sprint 19) to go operational, state is bidding
I, [2010-07-27T22:52:57.067553 #10563]  INFO -- : GET: /api/acct/2901/servers/796508.js?
I, [2010-07-27T22:52:57.277927 #10559]  INFO -- : waiting for server tempserver-MySQL 5.0 EBS v2 (Sprint 19) to go operational, state is booting
I, [2010-07-27T22:52:57.313477 #10559]  INFO -- : GET: /api/acct/2901/servers/796496.js?
I, [2010-07-27T22:52:59.017985 #10557]  INFO -- : waiting for server tempserver-MySQL 5.0 EBS v2 (Sprint 19) to go operational, state is bidding
I, [2010-07-27T22:52:59.056509 #10557]  INFO -- : GET: /api/acct/2901/servers/796485.js?
I, [2010-07-27T22:53:02.107978 #10561]  INFO -- : waiting for server tempserver-MySQL 5.0 EBS v2 (Sprint 19) to go operational, state is booting
I, [2010-07-27T22:53:02.146167 #10561]  INFO -- : GET: /api/acct/2901/servers/796506.js?
I, [2010-07-27T22:53:02.191832 #10563]  INFO -- : waiting for server tempserver-MySQL 5.0 EBS v2 (Sprint 19) to go operational, state is bidding
I, [2010-07-27T22:53:02.226147 #10563]  INFO -- : GET: /api/acct/2901/servers/796508.js?
I, [2010-07-27T22:53:02.438009 #10559]  INFO -- : waiting for server tempserver-MySQL 5.0 EBS v2 (Sprint 19) to go operational, state is booting
I, [2010-07-27T22:53:02.518069 #10559]  INFO -- : GET: /api/acct/2901/servers/796496.js?
I, [2010-07-27T22:53:04.197952 #10557]  INFO -- : waiting for server tempserver-MySQL 5.0 EBS v2 (Sprint 19) to go operational, state is bidding
I, [2010-07-27T22:53:04.230294 #10557]  INFO -- : GET: /api/acct/2901/servers/796485.js?
I, [2010-07-27T22:53:07.238107 #10561]  INFO -- : waiting for server tempserver-MySQL 5.0 EBS v2 (Sprint 19) to go operational, state is booting
I, [2010-07-27T22:53:07.271843 #10561]  INFO -- : GET: /api/acct/2901/servers/796506.js?
I, [2010-07-27T22:53:07.322892 #10563]  INFO -- : waiting for server tempserver-MySQL 5.0 EBS v2 (Sprint 19) to go operational, state is bidding
I, [2010-07-27T22:53:07.353463 #10563]  INFO -- : GET: /api/acct/2901/servers/796508.js?
I, [2010-07-27T22:53:07.677974 #10559]  INFO -- : waiting for server tempserver-MySQL 5.0 EBS v2 (Sprint 19) to go operational, state is booting
I, [2010-07-27T22:53:07.712324 #10559]  INFO -- : GET: /api/acct/2901/servers/796496.js?
I, [2010-07-27T22:53:09.838010 #10557]  INFO -- : waiting for server tempserver-MySQL 5.0 EBS v2 (Sprint 19) to go operational, state is bidding
I, [2010-07-27T22:53:09.870193 #10557]  INFO -- : GET: /api/acct/2901/servers/796485.js?
I, [2010-07-27T22:53:12.377994 #10561]  INFO -- : waiting for server tempserver-MySQL 5.0 EBS v2 (Sprint 19) to go operational, state is booting
I, [2010-07-27T22:53:12.414302 #10561]  INFO -- : GET: /api/acct/2901/servers/796506.js?
I, [2010-07-27T22:53:12.453859 #10563]  INFO -- : waiting for server tempserver-MySQL 5.0 EBS v2 (Sprint 19) to go operational, state is bidding
I, [2010-07-27T22:53:12.485251 #10563]  INFO -- : GET: /api/acct/2901/servers/796508.js?
I, [2010-07-27T22:53:13.757981 #10559]  INFO -- : waiting for server tempserver-MySQL 5.0 EBS v2 (Sprint 19) to go operational, state is booting
I, [2010-07-27T22:53:13.792145 #10559]  INFO -- : GET: /api/acct/2901/servers/796496.js?
I, [2010-07-27T22:53:15.157951 #10557]  INFO -- : waiting for server tempserver-MySQL 5.0 EBS v2 (Sprint 19) to go operational, state is bidding
I, [2010-07-27T22:53:15.195554 #10557]  INFO -- : GET: /api/acct/2901/servers/796485.js?
I, [2010-07-27T22:53:19.757953 #10561]  INFO -- : waiting for server tempserver-MySQL 5.0 EBS v2 (Sprint 19) to go operational, state is booting
I, [2010-07-27T22:53:19.768040 #10559]  INFO -- : waiting for server tempserver-MySQL 5.0 EBS v2 (Sprint 19) to go operational, state is booting
I, [2010-07-27T22:53:19.768770 #10563]  INFO -- : waiting for server tempserver-MySQL 5.0 EBS v2 (Sprint 19) to go operational, state is bidding
I, [2010-07-27T22:53:19.867647 #10561]  INFO -- : GET: /api/acct/2901/servers/796506.js?
I, [2010-07-27T22:53:19.868684 #10559]  INFO -- : GET: /api/acct/2901/servers/796496.js?
I, [2010-07-27T22:53:19.869727 #10563]  INFO -- : GET: /api/acct/2901/servers/796508.js?
I, [2010-07-27T22:53:21.317992 #10557]  INFO -- : waiting for server tempserver-MySQL 5.0 EBS v2 (Sprint 19) to go operational, state is bidding
I, [2010-07-27T22:53:21.348255 #10557]  INFO -- : GET: /api/acct/2901/servers/796485.js?
I, [2010-07-27T22:53:24.977961 #10563]  INFO -- : waiting for server tempserver-MySQL 5.0 EBS v2 (Sprint 19) to go operational, state is bidding
I, [2010-07-27T22:53:25.003719 #10561]  INFO -- : waiting for server tempserver-MySQL 5.0 EBS v2 (Sprint 19) to go operational, state is booting
I, [2010-07-27T22:53:25.008006 #10559]  INFO -- : waiting for server tempserver-MySQL 5.0 EBS v2 (Sprint 19) to go operational, state is booting
I, [2010-07-27T22:53:25.012134 #10563]  INFO -- : GET: /api/acct/2901/servers/796508.js?
I, [2010-07-27T22:53:25.111626 #10561]  INFO -- : GET: /api/acct/2901/servers/796506.js?
I, [2010-07-27T22:53:25.112796 #10559]  INFO -- : GET: /api/acct/2901/servers/796496.js?
I, [2010-07-27T22:53:26.557981 #10557]  INFO -- : waiting for server tempserver-MySQL 5.0 EBS v2 (Sprint 19) to go operational, state is bidding
I, [2010-07-27T22:53:26.637576 #10557]  INFO -- : GET: /api/acct/2901/servers/796485.js?
I, [2010-07-27T22:53:30.437957 #10559]  INFO -- : waiting for server tempserver-MySQL 5.0 EBS v2 (Sprint 19) to go operational, state is booting
I, [2010-07-27T22:53:30.463878 #10561]  INFO -- : waiting for server tempserver-MySQL 5.0 EBS v2 (Sprint 19) to go operational, state is booting
I, [2010-07-27T22:53:30.506855 #10559]  INFO -- : GET: /api/acct/2901/servers/796496.js?
I, [2010-07-27T22:53:30.553055 #10561]  INFO -- : GET: /api/acct/2901/servers/796506.js?
I, [2010-07-27T22:53:30.897958 #10563]  INFO -- : waiting for server tempserver-MySQL 5.0 EBS v2 (Sprint 19) to go operational, state is bidding
I, [2010-07-27T22:53:30.931975 #10563]  INFO -- : GET: /api/acct/2901/servers/796508.js?
I, [2010-07-27T22:53:31.757986 #10557]  INFO -- : waiting for server tempserver-MySQL 5.0 EBS v2 (Sprint 19) to go operational, state is bidding
I, [2010-07-27T22:53:31.788136 #10557]  INFO -- : GET: /api/acct/2901/servers/796485.js?
I, [2010-07-27T22:53:35.647996 #10559]  INFO -- : waiting for server tempserver-MySQL 5.0 EBS v2 (Sprint 19) to go operational, state is booting
I, [2010-07-27T22:53:35.682562 #10559]  INFO -- : GET: /api/acct/2901/servers/796496.js?
I, [2010-07-27T22:53:35.697938 #10561]  INFO -- : waiting for server tempserver-MySQL 5.0 EBS v2 (Sprint 19) to go operational, state is booting
I, [2010-07-27T22:53:35.727812 #10561]  INFO -- : GET: /api/acct/2901/servers/796506.js?
I, [2010-07-27T22:53:36.057986 #10563]  INFO -- : waiting for server tempserver-MySQL 5.0 EBS v2 (Sprint 19) to go operational, state is bidding
I, [2010-07-27T22:53:36.092865 #10563]  INFO -- : GET: /api/acct/2901/servers/796508.js?
I, [2010-07-27T22:53:36.867954 #10557]  INFO -- : waiting for server tempserver-MySQL 5.0 EBS v2 (Sprint 19) to go operational, state is bidding
I, [2010-07-27T22:53:36.951741 #10557]  INFO -- : GET: /api/acct/2901/servers/796485.js?
I, [2010-07-27T22:53:40.815105 #10559]  INFO -- : waiting for server tempserver-MySQL 5.0 EBS v2 (Sprint 19) to go operational, state is booting
I, [2010-07-27T22:53:40.840973 #10561]  INFO -- : waiting for server tempserver-MySQL 5.0 EBS v2 (Sprint 19) to go operational, state is booting
I, [2010-07-27T22:53:40.849121 #10559]  INFO -- : GET: /api/acct/2901/servers/796496.js?
I, [2010-07-27T22:53:40.870671 #10561]  INFO -- : GET: /api/acct/2901/servers/796506.js?
I, [2010-07-27T22:53:41.215103 #10563]  INFO -- : waiting for server tempserver-MySQL 5.0 EBS v2 (Sprint 19) to go operational, state is bidding
I, [2010-07-27T22:53:41.249006 #10563]  INFO -- : GET: /api/acct/2901/servers/796508.js?
I, [2010-07-27T22:53:42.115099 #10557]  INFO -- : waiting for server tempserver-MySQL 5.0 EBS v2 (Sprint 19) to go operational, state is bidding
I, [2010-07-27T22:53:42.145106 #10557]  INFO -- : GET: /api/acct/2901/servers/796485.js?
I, [2010-07-27T22:53:45.945102 #10559]  INFO -- : waiting for server tempserver-MySQL 5.0 EBS v2 (Sprint 19) to go operational, state is booting
I, [2010-07-27T22:53:45.970933 #10561]  INFO -- : waiting for server tempserver-MySQL 5.0 EBS v2 (Sprint 19) to go operational, state is booting
I, [2010-07-27T22:53:45.979261 #10559]  INFO -- : GET: /api/acct/2901/servers/796496.js?
I, [2010-07-27T22:53:46.000539 #10561]  INFO -- : GET: /api/acct/2901/servers/796506.js?
I, [2010-07-27T22:53:46.375083 #10563]  INFO -- : waiting for server tempserver-MySQL 5.0 EBS v2 (Sprint 19) to go operational, state is bidding
I, [2010-07-27T22:53:46.409725 #10563]  INFO -- : GET: /api/acct/2901/servers/796508.js?
I, [2010-07-27T22:53:47.235102 #10557]  INFO -- : waiting for server tempserver-MySQL 5.0 EBS v2 (Sprint 19) to go operational, state is bidding
I, [2010-07-27T22:53:47.271088 #10557]  INFO -- : GET: /api/acct/2901/servers/796485.js?
I, [2010-07-27T22:53:51.085141 #10559]  INFO -- : waiting for server tempserver-MySQL 5.0 EBS v2 (Sprint 19) to go operational, state is booting
I, [2010-07-27T22:53:51.123324 #10559]  INFO -- : GET: /api/acct/2901/servers/796496.js?
I, [2010-07-27T22:53:51.158735 #10561]  INFO -- : waiting for server tempserver-MySQL 5.0 EBS v2 (Sprint 19) to go operational, state is booting
I, [2010-07-27T22:53:51.189601 #10561]  INFO -- : GET: /api/acct/2901/servers/796506.js?
I, [2010-07-27T22:53:51.545115 #10563]  INFO -- : waiting for server tempserver-MySQL 5.0 EBS v2 (Sprint 19) to go operational, state is bidding
I, [2010-07-27T22:53:51.579133 #10563]  INFO -- : GET: /api/acct/2901/servers/796508.js?
I, [2010-07-27T22:53:52.395137 #10557]  INFO -- : waiting for server tempserver-MySQL 5.0 EBS v2 (Sprint 19) to go operational, state is bidding
I, [2010-07-27T22:53:52.471495 #10557]  INFO -- : GET: /api/acct/2901/servers/796485.js?
I, [2010-07-27T22:53:56.215110 #10559]  INFO -- : waiting for server tempserver-MySQL 5.0 EBS v2 (Sprint 19) to go operational, state is booting
I, [2010-07-27T22:53:56.250476 #10559]  INFO -- : GET: /api/acct/2901/servers/796496.js?
I, [2010-07-27T22:53:56.315089 #10561]  INFO -- : waiting for server tempserver-MySQL 5.0 EBS v2 (Sprint 19) to go operational, state is booting
I, [2010-07-27T22:53:56.345649 #10561]  INFO -- : GET: /api/acct/2901/servers/796506.js?
I, [2010-07-27T22:53:56.705109 #10563]  INFO -- : waiting for server tempserver-MySQL 5.0 EBS v2 (Sprint 19) to go operational, state is bidding
I, [2010-07-27T22:53:56.739685 #10563]  INFO -- : GET: /api/acct/2901/servers/796508.js?
I, [2010-07-27T22:53:58.285167 #10557]  INFO -- : waiting for server tempserver-MySQL 5.0 EBS v2 (Sprint 19) to go operational, state is bidding
I, [2010-07-27T22:53:58.315448 #10557]  INFO -- : GET: /api/acct/2901/servers/796485.js?
I, [2010-07-27T22:54:01.425209 #10559]  INFO -- : waiting for server tempserver-MySQL 5.0 EBS v2 (Sprint 19) to go operational, state is booting
I, [2010-07-27T22:54:01.481497 #10559]  INFO -- : GET: /api/acct/2901/servers/796496.js?
I, [2010-07-27T22:54:01.535192 #10561]  INFO -- : waiting for server tempserver-MySQL 5.0 EBS v2 (Sprint 19) to go operational, state is booting
I, [2010-07-27T22:54:01.566466 #10561]  INFO -- : GET: /api/acct/2901/servers/796506.js?
I, [2010-07-27T22:54:01.865204 #10563]  INFO -- : waiting for server tempserver-MySQL 5.0 EBS v2 (Sprint 19) to go operational, state is bidding
I, [2010-07-27T22:54:01.900323 #10563]  INFO -- : GET: /api/acct/2901/servers/796508.js?
I, [2010-07-27T22:54:03.435101 #10557]  INFO -- : waiting for server tempserver-MySQL 5.0 EBS v2 (Sprint 19) to go operational, state is bidding
I, [2010-07-27T22:54:03.464889 #10557]  INFO -- : GET: /api/acct/2901/servers/796485.js?
I, [2010-07-27T22:54:06.685111 #10561]  INFO -- : waiting for server tempserver-MySQL 5.0 EBS v2 (Sprint 19) to go operational, state is booting
I, [2010-07-27T22:54:06.733663 #10561]  INFO -- : GET: /api/acct/2901/servers/796506.js?
I, [2010-07-27T22:54:06.825120 #10559]  INFO -- : waiting for server tempserver-MySQL 5.0 EBS v2 (Sprint 19) to go operational, state is booting
I, [2010-07-27T22:54:06.888492 #10559]  INFO -- : GET: /api/acct/2901/servers/796496.js?
I, [2010-07-27T22:54:07.005143 #10563]  INFO -- : waiting for server tempserver-MySQL 5.0 EBS v2 (Sprint 19) to go operational, state is bidding
I, [2010-07-27T22:54:07.056344 #10563]  INFO -- : GET: /api/acct/2901/servers/796508.js?
I, [2010-07-27T22:54:08.595130 #10557]  INFO -- : waiting for server tempserver-MySQL 5.0 EBS v2 (Sprint 19) to go operational, state is bidding
I, [2010-07-27T22:54:08.634142 #10557]  INFO -- : GET: /api/acct/2901/servers/796485.js?
I, [2010-07-27T22:54:11.895108 #10561]  INFO -- : waiting for server tempserver-MySQL 5.0 EBS v2 (Sprint 19) to go operational, state is booting
I, [2010-07-27T22:54:11.988606 #10561]  INFO -- : GET: /api/acct/2901/servers/796506.js?
I, [2010-07-27T22:54:12.125092 #10559]  INFO -- : waiting for server tempserver-MySQL 5.0 EBS v2 (Sprint 19) to go operational, state is booting
I, [2010-07-27T22:54:12.285419 #10559]  INFO -- : GET: /api/acct/2901/servers/796496.js?
I, [2010-07-27T22:54:12.286417 #10563]  INFO -- : waiting for server tempserver-MySQL 5.0 EBS v2 (Sprint 19) to go operational, state is bidding
I, [2010-07-27T22:54:12.465457 #10563]  INFO -- : GET: /api/acct/2901/servers/796508.js?
I, [2010-07-27T22:54:13.765133 #10557]  INFO -- : waiting for server tempserver-MySQL 5.0 EBS v2 (Sprint 19) to go operational, state is bidding
I, [2010-07-27T22:54:13.818500 #10557]  INFO -- : GET: /api/acct/2901/servers/796485.js?
I, [2010-07-27T22:54:17.445143 #10559]  INFO -- : waiting for server tempserver-MySQL 5.0 EBS v2 (Sprint 19) to go operational, state is booting
I, [2010-07-27T22:54:17.455103 #10561]  INFO -- : waiting for server tempserver-MySQL 5.0 EBS v2 (Sprint 19) to go operational, state is booting
I, [2010-07-27T22:54:17.536907 #10559]  INFO -- : GET: /api/acct/2901/servers/796496.js?
I, [2010-07-27T22:54:17.548638 #10561]  INFO -- : GET: /api/acct/2901/servers/796506.js?
I, [2010-07-27T22:54:17.645112 #10563]  INFO -- : waiting for server tempserver-MySQL 5.0 EBS v2 (Sprint 19) to go operational, state is bidding
I, [2010-07-27T22:54:17.680592 #10563]  INFO -- : GET: /api/acct/2901/servers/796508.js?
I, [2010-07-27T22:54:18.975136 #10557]  INFO -- : waiting for server tempserver-MySQL 5.0 EBS v2 (Sprint 19) to go operational, state is bidding
I, [2010-07-27T22:54:19.005053 #10557]  INFO -- : GET: /api/acct/2901/servers/796485.js?
I, [2010-07-27T22:54:22.665108 #10561]  INFO -- : waiting for server tempserver-MySQL 5.0 EBS v2 (Sprint 19) to go operational, state is booting
I, [2010-07-27T22:54:22.680554 #10559]  INFO -- : waiting for server tempserver-MySQL 5.0 EBS v2 (Sprint 19) to go operational, state is booting
I, [2010-07-27T22:54:22.701549 #10561]  INFO -- : GET: /api/acct/2901/servers/796506.js?
I, [2010-07-27T22:54:22.721928 #10559]  INFO -- : GET: /api/acct/2901/servers/796496.js?
I, [2010-07-27T22:54:22.785112 #10563]  INFO -- : waiting for server tempserver-MySQL 5.0 EBS v2 (Sprint 19) to go operational, state is bidding
I, [2010-07-27T22:54:22.818851 #10563]  INFO -- : GET: /api/acct/2901/servers/796508.js?
I, [2010-07-27T22:54:24.115111 #10557]  INFO -- : waiting for server tempserver-MySQL 5.0 EBS v2 (Sprint 19) to go operational, state is bidding
I, [2010-07-27T22:54:24.168841 #10557]  INFO -- : GET: /api/acct/2901/servers/796485.js?
I, [2010-07-27T22:54:27.825104 #10559]  INFO -- : waiting for server tempserver-MySQL 5.0 EBS v2 (Sprint 19) to go operational, state is booting
I, [2010-07-27T22:54:27.859563 #10559]  INFO -- : GET: /api/acct/2901/servers/796496.js?
I, [2010-07-27T22:54:27.965098 #10563]  INFO -- : waiting for server tempserver-MySQL 5.0 EBS v2 (Sprint 19) to go operational, state is bidding
I, [2010-07-27T22:54:27.997198 #10563]  INFO -- : GET: /api/acct/2901/servers/796508.js?
I, [2010-07-27T22:54:28.605103 #10561]  INFO -- : waiting for server tempserver-MySQL 5.0 EBS v2 (Sprint 19) to go operational, state is booting
I, [2010-07-27T22:54:28.678810 #10561]  INFO -- : GET: /api/acct/2901/servers/796506.js?
I, [2010-07-27T22:54:29.275101 #10557]  INFO -- : waiting for server tempserver-MySQL 5.0 EBS v2 (Sprint 19) to go operational, state is bidding
I, [2010-07-27T22:54:29.305612 #10557]  INFO -- : GET: /api/acct/2901/servers/796485.js?
I, [2010-07-27T22:54:32.975108 #10559]  INFO -- : waiting for server tempserver-MySQL 5.0 EBS v2 (Sprint 19) to go operational, state is booting
I, [2010-07-27T22:54:33.009762 #10559]  INFO -- : GET: /api/acct/2901/servers/796496.js?
I, [2010-07-27T22:54:33.105089 #10563]  INFO -- : waiting for server tempserver-MySQL 5.0 EBS v2 (Sprint 19) to go operational, state is bidding
I, [2010-07-27T22:54:33.135588 #10563]  INFO -- : GET: /api/acct/2901/servers/796508.js?
I, [2010-07-27T22:54:33.805098 #10561]  INFO -- : waiting for server tempserver-MySQL 5.0 EBS v2 (Sprint 19) to go operational, state is booting
I, [2010-07-27T22:54:33.838635 #10561]  INFO -- : GET: /api/acct/2901/servers/796506.js?
I, [2010-07-27T22:54:35.085140 #10557]  INFO -- : waiting for server tempserver-MySQL 5.0 EBS v2 (Sprint 19) to go operational, state is bidding
I, [2010-07-27T22:54:35.116114 #10557]  INFO -- : GET: /api/acct/2901/servers/796485.js?
I, [2010-07-27T22:54:38.135136 #10559]  INFO -- : waiting for server tempserver-MySQL 5.0 EBS v2 (Sprint 19) to go operational, state is booting
I, [2010-07-27T22:54:38.209844 #10559]  INFO -- : GET: /api/acct/2901/servers/796496.js?
I, [2010-07-27T22:54:38.240885 #10563]  INFO -- : waiting for server tempserver-MySQL 5.0 EBS v2 (Sprint 19) to go operational, state is bidding
I, [2010-07-27T22:54:38.306119 #10563]  INFO -- : GET: /api/acct/2901/servers/796508.js?
I, [2010-07-27T22:54:38.975106 #10561]  INFO -- : waiting for server tempserver-MySQL 5.0 EBS v2 (Sprint 19) to go operational, state is booting
I, [2010-07-27T22:54:39.009293 #10561]  INFO -- : GET: /api/acct/2901/servers/796506.js?
I, [2010-07-27T22:54:40.445133 #10557]  INFO -- : waiting for server tempserver-MySQL 5.0 EBS v2 (Sprint 19) to go operational, state is bidding
I, [2010-07-27T22:54:40.476189 #10557]  INFO -- : GET: /api/acct/2901/servers/796485.js?
I, [2010-07-27T22:54:43.345203 #10559]  INFO -- : waiting for server tempserver-MySQL 5.0 EBS v2 (Sprint 19) to go operational, state is booting
I, [2010-07-27T22:54:43.379429 #10559]  INFO -- : GET: /api/acct/2901/servers/796496.js?
I, [2010-07-27T22:54:43.505123 #10563]  INFO -- : waiting for server tempserver-MySQL 5.0 EBS v2 (Sprint 19) to go operational, state is bidding
I, [2010-07-27T22:54:43.536686 #10563]  INFO -- : GET: /api/acct/2901/servers/796508.js?
I, [2010-07-27T22:54:44.125137 #10561]  INFO -- : waiting for server tempserver-MySQL 5.0 EBS v2 (Sprint 19) to go operational, state is booting
I, [2010-07-27T22:54:44.159652 #10561]  INFO -- : GET: /api/acct/2901/servers/796506.js?
I, [2010-07-27T22:54:45.595100 #10557]  INFO -- : waiting for server tempserver-MySQL 5.0 EBS v2 (Sprint 19) to go operational, state is bidding
I, [2010-07-27T22:54:45.626451 #10557]  INFO -- : GET: /api/acct/2901/servers/796485.js?
I, [2010-07-27T22:54:48.535237 #10559]  INFO -- : waiting for server tempserver-MySQL 5.0 EBS v2 (Sprint 19) to go operational, state is booting
I, [2010-07-27T22:54:48.569676 #10559]  INFO -- : GET: /api/acct/2901/servers/796496.js?
I, [2010-07-27T22:54:48.665099 #10563]  INFO -- : waiting for server tempserver-MySQL 5.0 EBS v2 (Sprint 19) to go operational, state is bidding
I, [2010-07-27T22:54:48.695985 #10563]  INFO -- : GET: /api/acct/2901/servers/796508.js?
I, [2010-07-27T22:54:49.235127 #10561]  INFO -- : waiting for server tempserver-MySQL 5.0 EBS v2 (Sprint 19) to go operational, state is booting
I, [2010-07-27T22:54:49.269637 #10561]  INFO -- : GET: /api/acct/2901/servers/796506.js?
I, [2010-07-27T22:54:50.765101 #10557]  INFO -- : waiting for server tempserver-MySQL 5.0 EBS v2 (Sprint 19) to go operational, state is bidding
I, [2010-07-27T22:54:50.795408 #10557]  INFO -- : GET: /api/acct/2901/servers/796485.js?
I, [2010-07-27T22:54:53.815112 #10563]  INFO -- : waiting for server tempserver-MySQL 5.0 EBS v2 (Sprint 19) to go operational, state is bidding
I, [2010-07-27T22:54:53.883710 #10563]  INFO -- : GET: /api/acct/2901/servers/796508.js?
I, [2010-07-27T22:54:54.395421 #10559]  INFO -- : waiting for server tempserver-MySQL 5.0 EBS v2 (Sprint 19) to go operational, state is booting
I, [2010-07-27T22:54:54.396178 #10561]  INFO -- : waiting for server tempserver-MySQL 5.0 EBS v2 (Sprint 19) to go operational, state is booting
I, [2010-07-27T22:54:54.431298 #10559]  INFO -- : GET: /api/acct/2901/servers/796496.js?
I, [2010-07-27T22:54:54.439318 #10561]  INFO -- : GET: /api/acct/2901/servers/796506.js?
I, [2010-07-27T22:54:56.055137 #10557]  INFO -- : waiting for server tempserver-MySQL 5.0 EBS v2 (Sprint 19) to go operational, state is bidding
I, [2010-07-27T22:54:56.085114 #10557]  INFO -- : GET: /api/acct/2901/servers/796485.js?
I, [2010-07-27T22:54:58.975108 #10563]  INFO -- : waiting for server tempserver-MySQL 5.0 EBS v2 (Sprint 19) to go operational, state is bidding
I, [2010-07-27T22:54:59.009020 #10563]  INFO -- : GET: /api/acct/2901/servers/796508.js?
I, [2010-07-27T22:54:59.585133 #10559]  INFO -- : waiting for server tempserver-MySQL 5.0 EBS v2 (Sprint 19) to go operational, state is booting
I, [2010-07-27T22:54:59.616067 #10559]  INFO -- : GET: /api/acct/2901/servers/796496.js?
I, [2010-07-27T22:54:59.725118 #10561]  INFO -- : waiting for server tempserver-MySQL 5.0 EBS v2 (Sprint 19) to go operational, state is booting
I, [2010-07-27T22:54:59.815278 #10561]  INFO -- : GET: /api/acct/2901/servers/796506.js?
I, [2010-07-27T22:55:01.255105 #10557]  INFO -- : waiting for server tempserver-MySQL 5.0 EBS v2 (Sprint 19) to go operational, state is bidding
I, [2010-07-27T22:55:01.285835 #10557]  INFO -- : GET: /api/acct/2901/servers/796485.js?
I, [2010-07-27T22:55:04.145114 #10563]  INFO -- : waiting for server tempserver-MySQL 5.0 EBS v2 (Sprint 19) to go operational, state is bidding
I, [2010-07-27T22:55:04.179111 #10563]  INFO -- : GET: /api/acct/2901/servers/796508.js?
I, [2010-07-27T22:55:04.745098 #10559]  INFO -- : waiting for server tempserver-MySQL 5.0 EBS v2 (Sprint 19) to go operational, state is booting
I, [2010-07-27T22:55:04.784006 #10559]  INFO -- : GET: /api/acct/2901/servers/796496.js?
I, [2010-07-27T22:55:04.915117 #10561]  INFO -- : waiting for server tempserver-MySQL 5.0 EBS v2 (Sprint 19) to go operational, state is booting
I, [2010-07-27T22:55:04.948690 #10561]  INFO -- : GET: /api/acct/2901/servers/796506.js?
I, [2010-07-27T22:55:06.415102 #10557]  INFO -- : waiting for server tempserver-MySQL 5.0 EBS v2 (Sprint 19) to go operational, state is bidding
I, [2010-07-27T22:55:06.445831 #10557]  INFO -- : GET: /api/acct/2901/servers/796485.js?
I, [2010-07-27T22:55:09.535124 #10563]  INFO -- : waiting for server tempserver-MySQL 5.0 EBS v2 (Sprint 19) to go operational, state is bidding
I, [2010-07-27T22:55:09.569297 #10563]  INFO -- : GET: /api/acct/2901/servers/796508.js?
I, [2010-07-27T22:55:09.965116 #10559]  INFO -- : waiting for server tempserver-MySQL 5.0 EBS v2 (Sprint 19) to go operational, state is booting
I, [2010-07-27T22:55:10.008298 #10559]  INFO -- : GET: /api/acct/2901/servers/796496.js?
I, [2010-07-27T22:55:10.095188 #10561]  INFO -- : waiting for server tempserver-MySQL 5.0 EBS v2 (Sprint 19) to go operational, state is booting
I, [2010-07-27T22:55:10.129066 #10561]  INFO -- : GET: /api/acct/2901/servers/796506.js?
I, [2010-07-27T22:55:12.335138 #10557]  INFO -- : waiting for server tempserver-MySQL 5.0 EBS v2 (Sprint 19) to go operational, state is bidding
